Addresse: 0 / 0000 
   Label:  
   INC  | MOV ACC ACC  | MOV R0 R0  | CLR 0x422
   Code: 23326c22 
Addresse: 1 / 0001 
   Label:  
   INC  | MOV ACC ACC  | MOV R0 R0  | CLR 0x424
   Code: 23326c24 
Addresse: 2 / 0002 
   Label:  
   INC  | MOV ACC ACC  | MOV R0 R0  | LOAD ua_const_0 LD
   Code: 2332000a 
Addresse: 3 / 0003 
   Label:  
   INC  | MOV ACC ACC  | MOV R0 R0  | STOR 0x423 LD
   Code: 23324c23 
Addresse: 4 / 0004 
   Label:  
   INC  | MOV ACC ACC  | MOV R0 R0  | LOAD ua_const_1 LD
   Code: 2332000b 
Addresse: 5 / 0005 
   Label:  
   INC  | MOV ACC ACC  | MOV R0 R0  | STOR 0x409 LD
   Code: 23324c09 
Addresse: 6 / 0006 
   Label:  
   INC  | MOV ACC ACC  | MOV R0 R0  | LOAD ua_const_2 LD
   Code: 2332000c 
Addresse: 7 / 0007 
   Label:  
   INC  | MOV ACC ACC  | MOV R0 R0  | STOR 0x409 LD
   Code: 23324c09 
Addresse: 8 / 0008 
   Label:  
   INC  | MOV ACC ACC  | MOV R0 R0  | LOAD ua_const_3 LD
   Code: 2332000d 
Addresse: 9 / 0009 
   Label:  
   INC  | MOV ACC ACC  | MOV R0 R0  | STOR 0x409 LD
   Code: 23324c09 
Addresse: 10 / 000A 
   Label:  
   INC  | MOV ACC ACC  | MOV R0 R0  | CLR 0x405
   Code: 23326c05 
Addresse: 11 / 000B 
   Label: while.body 
   INC  | MOV ACC ACC  | MOV R0 R0  | LOAD Cycle_Number LD
   Code: 233202ff 
Addresse: 12 / 000C 
   Label:  
   INC  | MOV ACC ACC  | MOV LD R0  | LOAD ua_const_4 LD
   Code: 2334000e 
Addresse: 13 / 000D 
   Label:  
   JE R0 LD  | MOV ACC ACC  | MOV R0 R0  | LOAD @land.lhs.true LD
   Code: a33201c2 
Addresse: 14 / 000E 
   Label: if.else55 
   INC  | MOV ACC ACC  | MOV R0 R0  | LOAD Cycle_Number LD
   Code: 233202ff 
Addresse: 15 / 000F 
   Label:  
   INC  | MOV ACC ACC  | MOV LD R0  | LOAD MAX_UA_Cycle LD
   Code: 233402fe 
Addresse: 16 / 0010 
   Label:  
   JGE R0 LD  | MOV ACC ACC  | MOV R0 R0  | LOAD @land.lhs.true58 LD
   Code: 1a3320029 
Addresse: 17 / 0011 
   Label: if.else180 
   INC  | MOV ACC ACC  | MOV R0 R0  | LOAD Cycle_Number LD
   Code: 233202ff 
Addresse: 18 / 0012 
   Label:  
   INC  | MOV ACC ACC  | MOV LD R0  | LOAD ua_const_62 LD
   Code: 2334000f 
Addresse: 19 / 0013 
   Label:  
   JGE R0 LD  | MOV ACC ACC  | MOV R0 R0  | LOAD @land.lhs.true183 LD
   Code: 1a332001f 
Addresse: 20 / 0014 
   Label: if.else187 
   INC  | MOV ACC ACC  | MOV R0 R0  | LOAD Current_state LD
   Code: 233202fd 
Addresse: 21 / 0015 
   Label:  
   INC  | MOV ACC ACC  | MOV LD R0  | LOAD ua_const_28 LD
   Code: 23340010 
Addresse: 22 / 0016 
   Label:  
   JE R0 LD  | MOV ACC ACC  | MOV R0 R0  | LOAD @if.then190 LD
   Code: a332001b 
Addresse: 23 / 0017 
   Label:  
   INC  | MOV ACC ACC  | MOV R0 R0  | LOAD Cycle_Number LD
   Code: 233202ff 
Addresse: 24 / 0018 
   Label:  
   INC  | INC LD ACC  | MOV R0 R0  | CLR 0x3FF
   Code: 2f26bff 
Addresse: 25 / 0019 
   Label:  
   INC  | MOV ACC ACC  | MOV R0 R0  | STOR Cycle_Number ACC
   Code: 23320aff 
Addresse: 26 / 001A 
   Label:  
   JMP  | MOV ACC ACC  | MOV R0 R0  | LOAD @if.end193 LD
   Code: 6332001e 
Addresse: 27 / 001B 
   Label: if.then190 
   INC  | MOV ACC ACC  | MOV R0 R0  | LOAD ua_const_0 LD
   Code: 2332000a 
Addresse: 28 / 001C 
   Label:  
   INC  | MOV ACC ACC  | MOV R0 R0  | STOR Current_state LD
   Code: 23324afd 
Addresse: 29 / 001D 
   Label:  
   INC  | MOV ACC ACC  | MOV R0 R0  | CLR Cycle_Number
   Code: 23326aff 
Addresse: 30 / 001E 
   Label: if.end193 
   JMP  | MOV ACC ACC  | MOV R0 R0  | LOAD @if.end194 LD
   Code: 63320028 
Addresse: 31 / 001F 
   Label: land.lhs.true183 
   INC  | MOV ACC ACC  | MOV R0 R0  | LOAD Current_state LD
   Code: 233202fd 
Addresse: 32 / 0020 
   Label:  
   INC  | MOV ACC ACC  | MOV LD R0  | LOAD ua_const_0 LD
   Code: 2334000a 
Addresse: 33 / 0021 
   Label:  
   JE R0 LD  | MOV ACC ACC  | MOV R0 R0  | LOAD @if.then186 LD
   Code: a3320023 
Addresse: 34 / 0022 
   Label:  
   JMP  | MOV ACC ACC  | MOV R0 R0  | LOAD @if.else187 LD
   Code: 63320014 
Addresse: 35 / 0023 
   Label: if.then186 
   INC  | MOV ACC ACC  | MOV R0 R0  | LOAD ua_const_28 LD
   Code: 23320010 
Addresse: 36 / 0024 
   Label:  
   INC  | MOV ACC ACC  | MOV R0 R0  | STOR Current_state LD
   Code: 23324afd 
Addresse: 37 / 0025 
   Label:  
   INC  | MOV ACC ACC  | MOV R0 R0  | CLR Cycle_Number
   Code: 23326aff 
Addresse: 38 / 0026 
   Label:  
   INC  | MOV ACC ACC  | MOV R0 R0  | LOAD ua_const_31 LD
   Code: 23320011 
Addresse: 39 / 0027 
   Label:  
   INC  | MOV ACC ACC  | MOV R0 R0  | STOR 0x432 LD
   Code: 23324c32 
Addresse: 40 / 0028 
   Label: if.end194 
   JMP  | MOV ACC ACC  | MOV R0 R0  | LOAD @if.end195 LD
   Code: 633201c1 
Addresse: 41 / 0029 
   Label: land.lhs.true58 
   INC  | MOV ACC ACC  | MOV R0 R0  | LOAD Current_state LD
   Code: 233202fd 
Addresse: 42 / 002A 
   Label:  
   INC  | MOV ACC ACC  | MOV LD R0  | LOAD ua_const_0 LD
   Code: 2334000a 
Addresse: 43 / 002B 
   Label:  
   JE R0 LD  | MOV ACC ACC  | MOV R0 R0  | LOAD @if.then61 LD
   Code: a332002d 
Addresse: 44 / 002C 
   Label:  
   JMP  | MOV ACC ACC  | MOV R0 R0  | LOAD @if.else180 LD
   Code: 63320011 
Addresse: 45 / 002D 
   Label: if.then61 
   INC  | MOV ACC ACC  | MOV R0 R0  | CLR 0x429
   Code: 23326c29 
Addresse: 46 / 002E 
   Label:  
   INC  | MOV ACC ACC  | MOV R0 R0  | LOAD ua_const_42 LD
   Code: 23320012 
Addresse: 47 / 002F 
   Label:  
   INC  | MOV ACC ACC  | MOV R0 R0  | STOR 0x426 LD
   Code: 23324c26 
Addresse: 48 / 0030 
   Label:  
   INC  | MOV ACC ACC  | MOV R0 R0  | CLR Cycle_Number
   Code: 23326aff 
Addresse: 49 / 0031 
   Label:  
   INC  | MOV ACC ACC  | MOV R0 R0  | CLR ua_loc_Zeroline_Temp
   Code: 23326ab8 
Addresse: 50 / 0032 
   Label:  
   INC  | MOV ACC ACC  | MOV R0 R0  | CLR Value_index
   Code: 23326afc 
Addresse: 51 / 0033 
   Label: for.cond 
   INC  | MOV ACC ACC  | MOV R0 R0  | LOAD Value_index LD
   Code: 233202fc 
Addresse: 52 / 0034 
   Label:  
   INC  | MOV ACC ACC  | MOV LD R0  | LOAD ua_const_43 LD
   Code: 23340013 
Addresse: 53 / 0035 
   Label:  
   JGE R0 LD  | MOV ACC ACC  | MOV R0 R0  | LOAD @for.end85 LD
   Code: 1a3320058 
Addresse: 54 / 0036 
   Label:  
   INC  | MOV ACC ACC  | MOV R0 R0  | CLR Temp
   Code: 23326afb 
Addresse: 55 / 0037 
   Label:  
   INC  | MOV ACC ACC  | MOV R0 R0  | CLR period
   Code: 23326afa 
Addresse: 56 / 0038 
   Label: for.cond64 
   INC  | MOV ACC ACC  | MOV R0 R0  | LOAD period LD
   Code: 233202fa 
Addresse: 57 / 0039 
   Label:  
   INC  | MOV ACC ACC  | MOV LD R0  | LOAD ua_const_43 LD
   Code: 23340013 
Addresse: 58 / 003A 
   Label:  
   JGE R0 LD  | MOV ACC ACC  | MOV R0 R0  | LOAD @for.end LD
   Code: 1a3320048 
Addresse: 59 / 003B 
   Label:  
   INC  | MOV ACC ACC  | MOV R0 R0  | LOAD period LD
   Code: 233202fa 
Addresse: 60 / 003C 
   Label:  
   INC  | MOV LD ACC  | MOV R0 R0  | LOAD ua_const_43 LD
   Code: 23b20013 
Addresse: 61 / 003D 
   Label:  
   INC  | IMUL ACC LD ACC  | MOV R0 R0  | LOAD Last_ADC_Pointer LD
   Code: 18b202f9 
Addresse: 62 / 003E 
   Label:  
   INC  | SUB LD ACC ACC  | MOV R0 R0  | LOAD Value_index LD
   Code: 123202fc 
Addresse: 63 / 003F 
   Label:  
   INC  | SUB ACC LD ACC  | MOV R0 R0  | LOAD ua_const_33 LD
   Code: 10b20014 
Addresse: 64 / 0040 
   Label:  
   INC  | MOV ACC ACC  | AND ACC LD R0  | LOAD UA_ADC_MEM_regptr LD
   Code: 23110015 
Addresse: 65 / 0041 
   Label:  
   INC  | ADD LD R0 ACC  | MOV R0 R0  | CLR 0x3FF
   Code: 2726bff 
Addresse: 66 / 0042 
   Label:  
   INC  | MOV ACC ACC  | MOV R0 R0  | LOFF 0x0 ACC LD
   Code: 23321000 
Addresse: 67 / 0043 
   Label:  
   INC  | MOV LD ACC  | MOV R0 R0  | LOAD Temp LD
   Code: 23b202fb 
Addresse: 68 / 0044 
   Label:  
   INC  | ADD ACC LD ACC  | MOV R0 R0  | LOAD period LD
   Code: b202fa 
Addresse: 69 / 0045 
   Label:  
   INC  | INC LD ACC  | MOV R0 R0  | STOR Temp ACC
   Code: 2f20afb 
Addresse: 70 / 0046 
   Label:  
   INC  | MOV ACC ACC  | MOV R0 R0  | STOR period ACC
   Code: 23320afa 
Addresse: 71 / 0047 
   Label:  
   JMP  | MOV ACC ACC  | MOV R0 R0  | LOAD @for.cond64 LD
   Code: 63320038 
Addresse: 72 / 0048 
   Label: for.end 
   INC  | MOV ACC ACC  | MOV R0 R0  | LOAD Current_signal LD
   Code: 233202f8 
Addresse: 73 / 0049 
   Label:  
   INC  | MOV ACC ACC  | MOV LD R0  | LOAD ua_const_4 LD
   Code: 2334000e 
Addresse: 74 / 004A 
   Label:  
   JE R0 LD  | MOV ACC ACC  | MOV R0 R0  | LOAD @if.then75 LD
   Code: a332004f 
Addresse: 75 / 004B 
   Label:  
   INC  | MOV ACC ACC  | MOV R0 R0  | LOAD Value_index LD
   Code: 233202fc 
Addresse: 76 / 004C 
   Label:  
   INC  | MOV LD ACC  | MOV R0 R0  | LOAD Temp LD
   Code: 23b202fb 
Addresse: 77 / 004D 
   Label:  
   INC  | MOV ACC ACC  | MOV R0 R0  | SOFF ADC_values_ref ACC LD
   Code: 23325ae8 
Addresse: 78 / 004E 
   Label:  
   JMP  | MOV ACC ACC  | MOV R0 R0  | LOAD @if.end81 LD
   Code: 63320052 
Addresse: 79 / 004F 
   Label: if.then75 
   INC  | MOV ACC ACC  | MOV R0 R0  | LOAD Value_index LD
   Code: 233202fc 
Addresse: 80 / 0050 
   Label:  
   INC  | MOV LD ACC  | MOV R0 R0  | LOAD Temp LD
   Code: 23b202fb 
Addresse: 81 / 0051 
   Label:  
   INC  | MOV ACC ACC  | MOV R0 R0  | SOFF ADC_values_sig ACC LD
   Code: 23325ad8 
Addresse: 82 / 0052 
   Label: if.end81 
   INC  | MOV ACC ACC  | MOV R0 R0  | LOAD ua_loc_Zeroline_Temp LD
   Code: 233202b8 
Addresse: 83 / 0053 
   Label:  
   INC  | MOV LD ACC  | MOV R0 R0  | LOAD Temp LD
   Code: 23b202fb 
Addresse: 84 / 0054 
   Label:  
   INC  | ADD ACC LD ACC  | MOV R0 R0  | LOAD Value_index LD
   Code: b202fc 
Addresse: 85 / 0055 
   Label:  
   INC  | INC LD ACC  | MOV R0 R0  | STOR ua_loc_Zeroline_Temp ACC
   Code: 2f20ab8 
Addresse: 86 / 0056 
   Label:  
   INC  | MOV ACC ACC  | MOV R0 R0  | STOR Value_index ACC
   Code: 23320afc 
Addresse: 87 / 0057 
   Label:  
   JMP  | MOV ACC ACC  | MOV R0 R0  | LOAD @for.cond LD
   Code: 63320033 
Addresse: 88 / 0058 
   Label: for.end85 
   INC  | MOV ACC ACC  | MOV R0 R0  | LOAD ua_loc_Zeroline_Temp LD
   Code: 233202b8 
Addresse: 89 / 0059 
   Label:  
   INC  | P2F LD  ACC  | MOV R0 R0  | LOAD ua_const_16 LD
   Code: 3ef20016 
Addresse: 90 / 005A 
   Label:  
   INC  | FMUL ACC LD ACC  | MOV R0 R0  | LOAD Current_signal LD
   Code: 28b202f8 
Addresse: 91 / 005B 
   Label:  
   INC  | MOV LD ACC  | MOV ACC R0  | CLR 0x3FF
   Code: 23b06bff 
Addresse: 92 / 005C 
   Label:  
   INC  | MOV ACC ACC  | MOV R0 R0  | SOFF Zeroline ACC R0
   Code: 23323ad6 
Addresse: 93 / 005D 
   Label:  
   INC  | MOV ACC ACC  | MOV R0 R0  | CLR f_Amplitude_Temp
   Code: 23326ad5 
Addresse: 94 / 005E 
   Label:  
   INC  | MOV ACC ACC  | MOV R0 R0  | CLR f_Q1m
   Code: 23326ad4 
Addresse: 95 / 005F 
   Label:  
   INC  | MOV ACC ACC  | MOV R0 R0  | CLR f_Q2m
   Code: 23326ad3 
Addresse: 96 / 0060 
   Label:  
   INC  | MOV ACC ACC  | MOV R0 R0  | CLR Value_index
   Code: 23326afc 
Addresse: 97 / 0061 
   Label: for.cond90 
   INC  | MOV ACC ACC  | MOV R0 R0  | LOAD Value_index LD
   Code: 233202fc 
Addresse: 98 / 0062 
   Label:  
   INC  | MOV ACC ACC  | MOV LD R0  | LOAD ua_const_43 LD
   Code: 23340013 
Addresse: 99 / 0063 
   Label:  
   JGE R0 LD  | MOV ACC ACC  | MOV R0 R0  | LOAD @for.end127 LD
   Code: 1a332008f 
Addresse: 100 / 0064 
   Label:  
   INC  | MOV ACC ACC  | MOV R0 R0  | LOAD Current_signal LD
   Code: 233202f8 
Addresse: 101 / 0065 
   Label:  
   INC  | MOV ACC ACC  | MOV LD R0  | LOAD ua_const_4 LD
   Code: 2334000e 
Addresse: 102 / 0066 
   Label:  
   JE R0 LD  | MOV ACC ACC  | MOV R0 R0  | LOAD @if.then96 LD
   Code: a332006e 
Addresse: 103 / 0067 
   Label:  
   INC  | MOV ACC ACC  | MOV R0 R0  | LOAD Value_index LD
   Code: 233202fc 
Addresse: 104 / 0068 
   Label:  
   INC  | MOV ACC ACC  | MOV R0 R0  | LOFF ADC_values_ref LD LD
   Code: 233252e8 
Addresse: 105 / 0069 
   Label:  
   INC  | P2F LD  ACC  | MOV R0 R0  | LOAD Current_signal LD
   Code: 3ef202f8 
Addresse: 106 / 006A 
   Label:  
   INC  | MOV ACC ACC  | MOV R0 R0  | LOFF Zeroline LD LD
   Code: 233252d6 
Addresse: 107 / 006B 
   Label:  
   INC  | FSUB ACC LD ACC  | MOV R0 R0  | CLR 0x3FF
   Code: 30b26bff 
Addresse: 108 / 006C 
   Label:  
   INC  | MOV ACC ACC  | MOV R0 R0  | STOR f_Temp ACC
   Code: 23320ad2 
Addresse: 109 / 006D 
   Label:  
   JMP  | MOV ACC ACC  | MOV R0 R0  | LOAD @if.end110 LD
   Code: 63320074 
Addresse: 110 / 006E 
   Label: if.then96 
   INC  | MOV ACC ACC  | MOV R0 R0  | LOAD Value_index LD
   Code: 233202fc 
Addresse: 111 / 006F 
   Label:  
   INC  | MOV ACC ACC  | MOV R0 R0  | LOFF ADC_values_sig LD LD
   Code: 233252d8 
Addresse: 112 / 0070 
   Label:  
   INC  | P2F LD  ACC  | MOV R0 R0  | LOAD Current_signal LD
   Code: 3ef202f8 
Addresse: 113 / 0071 
   Label:  
   INC  | MOV ACC ACC  | MOV R0 R0  | LOFF Zeroline LD LD
   Code: 233252d6 
Addresse: 114 / 0072 
   Label:  
   INC  | FSUB ACC LD ACC  | MOV R0 R0  | CLR 0x3FF
   Code: 30b26bff 
Addresse: 115 / 0073 
   Label:  
   INC  | MOV ACC ACC  | MOV R0 R0  | STOR f_Temp ACC
   Code: 23320ad2 
Addresse: 116 / 0074 
   Label: if.end110 
   INC  | MOV ACC ACC  | MOV R0 R0  | LOAD Value_index LD
   Code: 233202fc 
Addresse: 117 / 0075 
   Label:  
   INC  | MOV ACC ACC  | MOV R0 R0  | LOFF f_VIRTUAL_SINE LD LD
   Code: 23325017 
Addresse: 118 / 0076 
   Label:  
   INC  | MOV ACC ACC  | MOV LD R0  | LOAD f_Temp LD
   Code: 233402d2 
Addresse: 119 / 0077 
   Label:  
   INC  | FMUL LD R0 ACC  | MOV R0 R0  | LOAD Value_index LD
   Code: 2a7202fc 
Addresse: 120 / 0078 
   Label:  
   INC  | MOV LD ACC  | MOV R0 R0  | STOR f_Q1 ACC
   Code: 23b20ad1 
Addresse: 121 / 0079 
   Label:  
   INC  | MOV ACC ACC  | MOV R0 R0  | LOAD ua_const_24 LD
   Code: 23320027 
Addresse: 122 / 007A 
   Label:  
   INC  | ADD ACC LD ACC  | MOV R0 R0  | LOAD ua_const_44 LD
   Code: b20028 
Addresse: 123 / 007B 
   Label:  
   INC  | MOV ACC ACC  | AND ACC LD R0  | CLR 0x3FF
   Code: 23116bff 
Addresse: 124 / 007C 
   Label:  
   INC  | MOV ACC ACC  | MOV R0 R0  | LOFF f_VIRTUAL_SINE R0 LD
   Code: 23323017 
Addresse: 125 / 007D 
   Label:  
   INC  | MOV ACC ACC  | MOV LD R0  | LOAD f_Temp LD
   Code: 233402d2 
Addresse: 126 / 007E 
   Label:  
   INC  | FMUL LD R0 ACC  | MOV R0 R0  | LOAD f_Q1m LD
   Code: 2a7202d4 
Addresse: 127 / 007F 
   Label:  
   INC  | MOV LD ACC  | MOV R0 R0  | STOR f_Q2 ACC
   Code: 23b20ad0 
Addresse: 128 / 0080 
   Label:  
   INC  | MOV ACC ACC  | MOV R0 R0  | LOAD f_Q1 LD
   Code: 233202d1 
Addresse: 129 / 0081 
   Label:  
   INC  | FADD ACC LD ACC  | MOV R0 R0  | LOAD f_Q2m LD
   Code: 20b202d3 
Addresse: 130 / 0082 
   Label:  
   INC  | MOV LD ACC  | MOV R0 R0  | STOR f_Q1m ACC
   Code: 23b20ad4 
Addresse: 131 / 0083 
   Label:  
   INC  | MOV ACC ACC  | MOV R0 R0  | LOAD f_Q2 LD
   Code: 233202d0 
Addresse: 132 / 0084 
   Label:  
   INC  | FADD ACC LD ACC  | MOV R0 R0  | LOAD f_Q1 LD
   Code: 20b202d1 
Addresse: 133 / 0085 
   Label:  
   INC  | MOV LD ACC  | MOV R0 R0  | STOR f_Q2m ACC
   Code: 23b20ad3 
Addresse: 134 / 0086 
   Label:  
   INC  | MOV ACC ACC  | MOV R0 R0  | LOAD f_Q1 LD
   Code: 233202d1 
Addresse: 135 / 0087 
   Label:  
   INC  | FMUL ACC LD ACC  | MOV R0 R0  | LOAD f_Amplitude_Temp LD
   Code: 28b202d5 
Addresse: 136 / 0088 
   Label:  
   INC  | FADD LD ACC ACC  | MOV R0 R0  | LOAD f_Q2 LD
   Code: 223202d0 
Addresse: 137 / 0089 
   Label:  
   INC  | MOV LD ACC  | MOV ACC R0  | LOAD f_Q2 LD
   Code: 23b002d0 
Addresse: 138 / 008A 
   Label:  
   INC  | FMUL ACC LD ACC  | MOV R0 R0  | LOAD Value_index LD
   Code: 28b202fc 
Addresse: 139 / 008B 
   Label:  
   INC  | FADD R0 ACC ACC  | MOV R0 R0  | CLR 0x3FF
   Code: 21326bff 
Addresse: 140 / 008C 
   Label:  
   INC  | INC LD ACC  | MOV R0 R0  | STOR f_Amplitude_Temp ACC
   Code: 2f20ad5 
Addresse: 141 / 008D 
   Label:  
   INC  | MOV ACC ACC  | MOV R0 R0  | STOR Value_index ACC
   Code: 23320afc 
Addresse: 142 / 008E 
   Label:  
   JMP  | MOV ACC ACC  | MOV R0 R0  | LOAD @for.cond90 LD
   Code: 63320061 
Addresse: 143 / 008F 
   Label: for.end127 
   INC  | MOV ACC ACC  | MOV R0 R0  | LOAD Current_signal LD
   Code: 233202f8 
Addresse: 144 / 0090 
   Label:  
   INC  | MOV ACC ACC  | MOV LD R0  | LOAD ua_const_4 LD
   Code: 2334000e 
Addresse: 145 / 0091 
   Label:  
   JE R0 LD  | MOV ACC ACC  | MOV R0 R0  | LOAD @if.then130 LD
   Code: a3320097 
Addresse: 146 / 0092 
   Label:  
   INC  | MOV ACC ACC  | MOV R0 R0  | LOAD f_Q2m LD
   Code: 233202d3 
Addresse: 147 / 0093 
   Label:  
   INC  | MOV ACC ACC  | MOV R0 R0  | STOR Q2mRef LD
   Code: 23324acf 
Addresse: 148 / 0094 
   Label:  
   INC  | MOV ACC ACC  | MOV R0 R0  | LOAD f_Q1m LD
   Code: 233202d4 
Addresse: 149 / 0095 
   Label:  
   INC  | MOV ACC ACC  | MOV R0 R0  | STOR Q1mRef LD
   Code: 23324ace 
Addresse: 150 / 0096 
   Label:  
   JMP  | MOV ACC ACC  | MOV R0 R0  | LOAD @if.end132 LD
   Code: 6332009b 
Addresse: 151 / 0097 
   Label: if.then130 
   INC  | MOV ACC ACC  | MOV R0 R0  | LOAD f_Q2m LD
   Code: 233202d3 
Addresse: 152 / 0098 
   Label:  
   INC  | MOV ACC ACC  | MOV R0 R0  | STOR Q2mSig LD
   Code: 23324acd 
Addresse: 153 / 0099 
   Label:  
   INC  | MOV ACC ACC  | MOV R0 R0  | LOAD f_Q1m LD
   Code: 233202d4 
Addresse: 154 / 009A 
   Label:  
   INC  | MOV ACC ACC  | MOV R0 R0  | STOR Q1mSig LD
   Code: 23324acc 
Addresse: 155 / 009B 
   Label: if.end132 
   INC  | MOV ACC ACC  | MOV R0 R0  | LOAD f_Amplitude_Temp LD
   Code: 233202d5 
Addresse: 156 / 009C 
   Label:  
   INC  | MOV LD ACC  | MOV R0 R0  | LOAD ua_const_45 LD
   Code: 23b20029 
Addresse: 157 / 009D 
   Label:  
   INC  | FMUL ACC LD ACC  | MOV R0 R0  | LOAD ua_const_46 LD
   Code: 28b2002a 
Addresse: 158 / 009E 
   Label:  
   INC  | FMUL ACC LD ACC  | MOV R0 R0  | STOR ua_loc_number.addr.i296 ACC
   Code: 28b20ab7 
Addresse: 159 / 009F 
   Label:  
   INC  | MOV ACC ACC  | MOV R0 R0  | STOR ua_loc_x2.i300 ACC
   Code: 23320ab6 
Addresse: 160 / 00A0 
   Label:  
   INC  | MOV ACC ACC  | MOV R0 R0  | LOAD ua_loc_number.addr.i296 LD
   Code: 233202b7 
Addresse: 161 / 00A1 
   Label:  
   INC  | MOV ACC ACC  | SR LD 1 R0  | LOAD ua_const_47 LD
   Code: 230c002b 
Addresse: 162 / 00A2 
   Label:  
   INC  | MOV R0 ACC  | AND R0 LD R0  | LOAD ua_const_48 LD
   Code: 2353002c 
Addresse: 163 / 00A3 
   Label:  
   INC  | MOV ACC ACC  | AND ACC LD R0  | STOR ua_loc_i_lo.i298 R0
   Code: 23112ab5 
Addresse: 164 / 00A4 
   Label:  
   INC  | MOV ACC ACC  | MOV R0 R0  | LOAD ua_const_49 LD
   Code: 2332002d 
Addresse: 165 / 00A5 
   Label:  
   INC  | MOV LD ACC  | SR R0 8 R0  | LOAD ua_loc_i_lo.i298 LD
   Code: 238a82b5 
Addresse: 166 / 00A6 
   Label:  
   INC  | SUB ACC LD ACC  | SR R0 8 R0  | LOAD ua_const_4 LD
   Code: 108a800e 
Addresse: 167 / 00A7 
   Label:  
   INC  | MOV ACC ACC  | MOV ACC R0  | STOR ua_loc_i_hi.i299 R0
   Code: 23302ab4 
Addresse: 168 / 00A8 
   Label:  
   INC  | MOV ACC ACC  | MOV R0 R0  | STOR ua_loc_i_lo.i298 ACC
   Code: 23320ab5 
Addresse: 169 / 00A9 
   Label:  
   JL R0 LD  | MOV ACC ACC  | MOV R0 R0  | LOAD @if.then.i315 LD
   Code: e33200af 
Addresse: 170 / 00AA 
   Label:  
   INC  | MOV ACC ACC  | MOV R0 R0  | LOAD ua_const_50 LD
   Code: 2332002e 
Addresse: 171 / 00AB 
   Label:  
   INC  | MOV LD ACC  | MOV R0 R0  | LOAD ua_loc_i_hi.i299 LD
   Code: 23b202b4 
Addresse: 172 / 00AC 
   Label:  
   INC  | SUB ACC LD ACC  | MOV R0 R0  | CLR 0x3FF
   Code: 10b26bff 
Addresse: 173 / 00AD 
   Label:  
   INC  | MOV ACC ACC  | MOV R0 R0  | STOR ua_loc_i_hi.i299 ACC
   Code: 23320ab4 
Addresse: 174 / 00AE 
   Label:  
   JMP  | MOV ACC ACC  | MOV R0 R0  | LOAD @UA_sqrt.exit336 LD
   Code: 633200b7 
Addresse: 175 / 00AF 
   Label: if.then.i315 
   INC  | MOV ACC ACC  | MOV R0 R0  | LOAD ua_const_50 LD
   Code: 2332002e 
Addresse: 176 / 00B0 
   Label:  
   INC  | MOV LD ACC  | MOV R0 R0  | LOAD ua_loc_i_hi.i299 LD
   Code: 23b202b4 
Addresse: 177 / 00B1 
   Label:  
   INC  | SUB ACC LD ACC  | MOV R0 R0  | LOAD ua_loc_i_lo.i298 LD
   Code: 10b202b5 
Addresse: 178 / 00B2 
   Label:  
   INC  | DEC ACC ACC  | MOV R0 R0  | CLR 0x3FF
   Code: 10f26bff 
Addresse: 179 / 00B3 
   Label:  
   INC  | MOV LD ACC  | MOV R0 R0  | STOR ua_loc_i_hi.i299 ACC
   Code: 23b20ab4 
Addresse: 180 / 00B4 
   Label:  
   INC  | MOV ACC ACC  | MOV R0 R0  | LOAD ua_const_47 LD
   Code: 2332002b 
Addresse: 181 / 00B5 
   Label:  
   INC  | MOV ACC ACC  | AND ACC LD R0  | CLR 0x3FF
   Code: 23116bff 
Addresse: 182 / 00B6 
   Label:  
   INC  | MOV ACC ACC  | MOV R0 R0  | STOR ua_loc_i_lo.i298 R0
   Code: 23322ab5 
Addresse: 183 / 00B7 
   Label: UA_sqrt.exit336 
   INC  | MOV ACC ACC  | MOV R0 R0  | LOAD ua_loc_i_hi.i299 LD
   Code: 233202b4 
Addresse: 184 / 00B8 
   Label:  
   INC  | MOV ACC ACC  | SL LD 8 R0  | LOAD ua_loc_i_lo.i298 LD
   Code: 230482b5 
Addresse: 185 / 00B9 
   Label:  
   INC  | MOV ACC ACC  | SL R0 8 R0  | CLR 0x3FF
   Code: 2302ebff 
Addresse: 186 / 00BA 
   Label:  
   INC  | MOV ACC ACC  | OR R0 LD R0  | LOAD ua_loc_x2.i300 LD
   Code: 232302b6 
Addresse: 187 / 00BB 
   Label:  
   INC  | FMUL LD R0 ACC  | MOV R0 R0  | STOR ua_loc_y.i301 R0
   Code: 2a722ab3 
Addresse: 188 / 00BC 
   Label:  
   INC  | MOV ACC ACC  | MOV R0 R0  | LOAD ua_const_51 LD
   Code: 2332002f 
Addresse: 189 / 00BD 
   Label:  
   INC  | FMUL ACC R0 ACC  | MOV R0 R0  | CLR 0x3FF
   Code: 28726bff 
Addresse: 190 / 00BE 
   Label:  
   INC  | FSUB LD ACC ACC  | MOV R0 R0  | LOAD ua_loc_x2.i300 LD
   Code: 323202b6 
Addresse: 191 / 00BF 
   Label:  
   INC  | FMUL R0 ACC ACC  | MOV R0 R0  | CLR 0x3FF
   Code: 29326bff 
Addresse: 192 / 00C0 
   Label:  
   INC  | FMUL LD ACC ACC  | MOV R0 R0  | STOR ua_loc_y.i301 ACC
   Code: 2a320ab3 
Addresse: 193 / 00C1 
   Label:  
   INC  | MOV ACC ACC  | MOV R0 R0  | LOAD ua_loc_y.i301 LD
   Code: 233202b3 
Addresse: 194 / 00C2 
   Label:  
   INC  | FMUL ACC LD ACC  | MOV R0 R0  | LOAD ua_const_51 LD
   Code: 28b2002f 
Addresse: 195 / 00C3 
   Label:  
   INC  | FSUB LD ACC ACC  | MOV R0 R0  | LOAD ua_loc_y.i301 LD
   Code: 323202b3 
Addresse: 196 / 00C4 
   Label:  
   INC  | FMUL LD ACC ACC  | MOV R0 R0  | LOAD ua_loc_x2.i300 LD
   Code: 2a3202b6 
Addresse: 197 / 00C5 
   Label:  
   INC  | FMUL LD ACC ACC  | MOV R0 R0  | STOR ua_loc_y.i301 ACC
   Code: 2a320ab3 
Addresse: 198 / 00C6 
   Label:  
   INC  | MOV ACC ACC  | MOV R0 R0  | LOAD ua_loc_y.i301 LD
   Code: 233202b3 
Addresse: 199 / 00C7 
   Label:  
   INC  | FMUL ACC LD ACC  | MOV R0 R0  | LOAD ua_const_51 LD
   Code: 28b2002f 
Addresse: 200 / 00C8 
   Label:  
   INC  | FSUB LD ACC ACC  | MOV R0 R0  | LOAD ua_loc_y.i301 LD
   Code: 323202b3 
Addresse: 201 / 00C9 
   Label:  
   INC  | FMUL LD ACC ACC  | MOV R0 R0  | LOAD ua_loc_number.addr.i296 LD
   Code: 2a3202b7 
Addresse: 202 / 00CA 
   Label:  
   INC  | FMUL ACC LD ACC  | MOV R0 R0  | STOR ua_loc_y.i301 ACC
   Code: 28b20ab3 
Addresse: 203 / 00CB 
   Label:  
   INC  | MOV ACC ACC  | MOV ACC R0  | LOAD Current_signal LD
   Code: 233002f8 
Addresse: 204 / 00CC 
   Label:  
   INC  | MOV LD ACC  | MOV R0 R0  | LOAD f_Q1m LD
   Code: 23b202d4 
Addresse: 205 / 00CD 
   Label:  
   INC  | MOV LD ACC  | MOV R0 R0  | SOFF Amplitude ACC R0
   Code: 23b23aca 
Addresse: 206 / 00CE 
   Label:  
   INC  | MOV ACC ACC  | MOV R0 R0  | STOR ua_loc_in.addr.i270 LD
   Code: 23324ab2 
Addresse: 207 / 00CF 
   Label:  
   INC  | MOV ACC ACC  | MOV R0 R0  | LOAD ua_const_6 LD
   Code: 23320030 
Addresse: 208 / 00D0 
   Label:  
   INC  | MOV ACC ACC  | AND ACC LD R0  | LOAD ua_const_7 LD
   Code: 23110031 
Addresse: 209 / 00D1 
   Label:  
   INC  | MOV ACC ACC  | OR R0 LD R0  | LOAD ua_const_8 LD
   Code: 23230032 
Addresse: 210 / 00D2 
   Label:  
   INC  | FMUL LD R0 ACC  | MOV R0 R0  | LOAD ua_const_9 LD
   Code: 2a720033 
Addresse: 211 / 00D3 
   Label:  
   INC  | FSUB LD ACC ACC  | MOV R0 R0  | LOAD ua_const_10 LD
   Code: 32320034 
Addresse: 212 / 00D4 
   Label:  
   INC  | FMUL R0 ACC ACC  | MOV R0 R0  | STOR ua_loc_x.i272 ACC
   Code: 29320ab1 
Addresse: 213 / 00D5 
   Label:  
   INC  | FSUB LD ACC ACC  | MOV R0 R0  | LOAD ua_loc_x.i272 LD
   Code: 323202b1 
Addresse: 214 / 00D6 
   Label:  
   INC  | FMUL LD ACC ACC  | MOV R0 R0  | LOAD ua_const_10 LD
   Code: 2a320034 
Addresse: 215 / 00D7 
   Label:  
   INC  | FMUL R0 ACC ACC  | MOV R0 R0  | STOR ua_loc_x.i272 ACC
   Code: 29320ab1 
Addresse: 216 / 00D8 
   Label:  
   INC  | FSUB LD ACC ACC  | MOV R0 R0  | LOAD ua_loc_x.i272 LD
   Code: 323202b1 
Addresse: 217 / 00D9 
   Label:  
   INC  | FMUL LD ACC ACC  | MOV R0 R0  | LOAD ua_const_10 LD
   Code: 2a320034 
Addresse: 218 / 00DA 
   Label:  
   INC  | FMUL R0 ACC ACC  | MOV R0 R0  | STOR ua_loc_x.i272 ACC
   Code: 29320ab1 
Addresse: 219 / 00DB 
   Label:  
   INC  | FSUB LD ACC ACC  | MOV R0 R0  | LOAD ua_loc_x.i272 LD
   Code: 323202b1 
Addresse: 220 / 00DC 
   Label:  
   INC  | FMUL LD ACC ACC  | MOV R0 R0  | LOAD ua_const_6 LD
   Code: 2a320030 
Addresse: 221 / 00DD 
   Label:  
   INC  | MOV ACC ACC  | AND ACC LD R0  | STOR ua_loc_x.i272 ACC
   Code: 23110ab1 
Addresse: 222 / 00DE 
   Label:  
   INC  | MOV R0 ACC  | MOV R0 R0  | LOAD ua_loc_in.addr.i270 LD
   Code: 237202b2 
Addresse: 223 / 00DF 
   Label:  
   INC  | MOV ACC ACC  | MOV LD R0  | LOAD ua_const_11 LD
   Code: 23340035 
Addresse: 224 / 00E0 
   Label:  
   INC  | MOV ACC ACC  | XOR R0 LD R0  | LOAD ua_const_12 LD
   Code: 232b0036 
Addresse: 225 / 00E1 
   Label:  
   INC  | MOV ACC ACC  | AND R0 LD R0  | LOAD ua_const_13 LD
   Code: 23130037 
Addresse: 226 / 00E2 
   Label:  
   INC  | MOV ACC ACC  | OR ACC R0 R0  | CLR 0x3FF
   Code: 2320ebff 
Addresse: 227 / 00E3 
   Label:  
   INC  | FMUL R0 LD ACC  | MOV R0 R0  | LOAD f_Q2m LD
   Code: 29b202d3 
Addresse: 228 / 00E4 
   Label:  
   INC  | FMUL LD ACC ACC  | MOV R0 R0  | LOAD ua_const_37 LD
   Code: 2a320038 
Addresse: 229 / 00E5 
   Label:  
   INC  | MOV ACC ACC  | MOV ACC R0  | STOR ua_loc_x.addr.i ACC
   Code: 23300ab0 
Addresse: 230 / 00E6 
   Label:  
   INC  | MOV ACC ACC  | MOV R0 R0  | STOR ua_loc_t.i ACC
   Code: 23320aaf 
Addresse: 231 / 00E7 
   Label:  
   JFGE R0 LD  | MOV ACC ACC  | MOV R0 R0  | LOAD @if.end.i LD
   Code: 3a33200eb 
Addresse: 232 / 00E8 
   Label:  
   INC  | MOV ACC ACC  | MOV R0 R0  | LOAD ua_loc_x.addr.i LD
   Code: 233202b0 
Addresse: 233 / 00E9 
   Label:  
   INC  | FNEG LD ACC  | MOV R0 R0  | CLR 0x3FF
   Code: 33b26bff 
Addresse: 234 / 00EA 
   Label:  
   INC  | MOV ACC ACC  | MOV R0 R0  | STOR ua_loc_t.i ACC
   Code: 23320aaf 
Addresse: 235 / 00EB 
   Label: if.end.i 
   INC  | MOV ACC ACC  | MOV R0 R0  | LOAD ua_loc_t.i LD
   Code: 233202af 
Addresse: 236 / 00EC 
   Label:  
   INC  | MOV ACC ACC  | MOV R0 R0  | STOR ua_loc_r.i LD
   Code: 23324aae 
Addresse: 237 / 00ED 
   Label:  
   INC  | MOV ACC ACC  | MOV R0 R0  | LOAD ua_loc_t.i LD
   Code: 233202af 
Addresse: 238 / 00EE 
   Label:  
   INC  | MOV ACC ACC  | MOV LD R0  | LOAD ua_const_15 LD
   Code: 23340039 
Addresse: 239 / 00EF 
   Label:  
   JFLE R0 LD  | MOV ACC ACC  | MOV R0 R0  | LOAD @if.end3.i LD
   Code: 363320108 
Addresse: 240 / 00F0 
   Label:  
   INC  | MOV ACC ACC  | MOV R0 R0  | LOAD ua_loc_r.i LD
   Code: 233202ae 
Addresse: 241 / 00F1 
   Label:  
   INC  | MOV LD ACC  | MOV R0 R0  | STOR ua_loc_in.addr.i.i LD
   Code: 23b24aad 
Addresse: 242 / 00F2 
   Label:  
   INC  | MOV ACC ACC  | MOV R0 R0  | LOAD ua_const_6 LD
   Code: 23320030 
Addresse: 243 / 00F3 
   Label:  
   INC  | MOV ACC ACC  | AND ACC LD R0  | LOAD ua_const_7 LD
   Code: 23110031 
Addresse: 244 / 00F4 
   Label:  
   INC  | MOV ACC ACC  | OR R0 LD R0  | LOAD ua_const_8 LD
   Code: 23230032 
Addresse: 245 / 00F5 
   Label:  
   INC  | FMUL LD R0 ACC  | MOV R0 R0  | LOAD ua_const_9 LD
   Code: 2a720033 
Addresse: 246 / 00F6 
   Label:  
   INC  | FSUB LD ACC ACC  | MOV R0 R0  | LOAD ua_const_10 LD
   Code: 32320034 
Addresse: 247 / 00F7 
   Label:  
   INC  | FMUL R0 ACC ACC  | MOV R0 R0  | STOR ua_loc_x.i.i ACC
   Code: 29320aac 
Addresse: 248 / 00F8 
   Label:  
   INC  | FSUB LD ACC ACC  | MOV R0 R0  | LOAD ua_loc_x.i.i LD
   Code: 323202ac 
Addresse: 249 / 00F9 
   Label:  
   INC  | FMUL LD ACC ACC  | MOV R0 R0  | LOAD ua_const_10 LD
   Code: 2a320034 
Addresse: 250 / 00FA 
   Label:  
   INC  | FMUL R0 ACC ACC  | MOV R0 R0  | STOR ua_loc_x.i.i ACC
   Code: 29320aac 
Addresse: 251 / 00FB 
   Label:  
   INC  | FSUB LD ACC ACC  | MOV R0 R0  | LOAD ua_loc_x.i.i LD
   Code: 323202ac 
Addresse: 252 / 00FC 
   Label:  
   INC  | FMUL LD ACC ACC  | MOV R0 R0  | LOAD ua_const_10 LD
   Code: 2a320034 
Addresse: 253 / 00FD 
   Label:  
   INC  | FMUL R0 ACC ACC  | MOV R0 R0  | STOR ua_loc_x.i.i ACC
   Code: 29320aac 
Addresse: 254 / 00FE 
   Label:  
   INC  | FSUB LD ACC ACC  | MOV R0 R0  | LOAD ua_loc_x.i.i LD
   Code: 323202ac 
Addresse: 255 / 00FF 
   Label:  
   INC  | FMUL LD ACC ACC  | MOV R0 R0  | LOAD ua_const_6 LD
   Code: 2a320030 
Addresse: 256 / 0100 
   Label:  
   INC  | MOV ACC ACC  | AND ACC LD R0  | STOR ua_loc_x.i.i ACC
   Code: 23110aac 
Addresse: 257 / 0101 
   Label:  
   INC  | MOV R0 ACC  | MOV R0 R0  | LOAD ua_loc_in.addr.i.i LD
   Code: 237202ad 
Addresse: 258 / 0102 
   Label:  
   INC  | MOV ACC ACC  | MOV LD R0  | LOAD ua_const_11 LD
   Code: 23340035 
Addresse: 259 / 0103 
   Label:  
   INC  | MOV ACC ACC  | XOR R0 LD R0  | LOAD ua_const_12 LD
   Code: 232b0036 
Addresse: 260 / 0104 
   Label:  
   INC  | MOV ACC ACC  | AND R0 LD R0  | LOAD ua_const_13 LD
   Code: 23130037 
Addresse: 261 / 0105 
   Label:  
   INC  | MOV ACC ACC  | OR ACC R0 R0  | CLR 0x3FF
   Code: 2320ebff 
Addresse: 262 / 0106 
   Label:  
   INC  | FMUL R0 LD ACC  | MOV R0 R0  | CLR 0x3FF
   Code: 29b26bff 
Addresse: 263 / 0107 
   Label:  
   INC  | MOV ACC ACC  | MOV R0 R0  | STOR ua_loc_r.i ACC
   Code: 23320aae 
Addresse: 264 / 0108 
   Label: if.end3.i 
   INC  | MOV ACC ACC  | MOV R0 R0  | LOAD ua_loc_r.i LD
   Code: 233202ae 
Addresse: 265 / 0109 
   Label:  
   INC  | MOV LD ACC  | MOV R0 R0  | LOAD ua_loc_r.i LD
   Code: 23b202ae 
Addresse: 266 / 010A 
   Label:  
   INC  | FMUL ACC LD ACC  | MOV R0 R0  | LOAD ua_const_52 LD
   Code: 28b2003a 
Addresse: 267 / 010B 
   Label:  
   INC  | FMUL LD ACC ACC  | MOV R0 R0  | STOR ua_loc_s.i ACC
   Code: 2a320aab 
Addresse: 268 / 010C 
   Label:  
   INC  | MOV ACC ACC  | MOV R0 R0  | LOAD ua_const_53 LD
   Code: 2332003b 
Addresse: 269 / 010D 
   Label:  
   INC  | FADD ACC LD ACC  | MOV R0 R0  | LOAD ua_loc_s.i LD
   Code: 20b202ab 
Addresse: 270 / 010E 
   Label:  
   INC  | FMUL ACC LD ACC  | MOV R0 R0  | LOAD ua_const_54 LD
   Code: 28b2003c 
Addresse: 271 / 010F 
   Label:  
   INC  | FADD ACC LD ACC  | MOV R0 R0  | LOAD ua_loc_s.i LD
   Code: 20b202ab 
Addresse: 272 / 0110 
   Label:  
   INC  | FMUL ACC LD ACC  | MOV R0 R0  | LOAD ua_const_55 LD
   Code: 28b2003d 
Addresse: 273 / 0111 
   Label:  
   INC  | FADD ACC LD ACC  | MOV R0 R0  | LOAD ua_loc_s.i LD
   Code: 20b202ab 
Addresse: 274 / 0112 
   Label:  
   INC  | FMUL ACC LD ACC  | MOV R0 R0  | LOAD ua_const_56 LD
   Code: 28b2003e 
Addresse: 275 / 0113 
   Label:  
   INC  | FADD ACC LD ACC  | MOV R0 R0  | LOAD ua_loc_s.i LD
   Code: 20b202ab 
Addresse: 276 / 0114 
   Label:  
   INC  | FMUL ACC LD ACC  | MOV R0 R0  | LOAD ua_const_57 LD
   Code: 28b2003f 
Addresse: 277 / 0115 
   Label:  
   INC  | FADD ACC LD ACC  | MOV R0 R0  | LOAD ua_loc_s.i LD
   Code: 20b202ab 
Addresse: 278 / 0116 
   Label:  
   INC  | FMUL ACC LD ACC  | MOV R0 R0  | LOAD ua_const_58 LD
   Code: 28b20040 
Addresse: 279 / 0117 
   Label:  
   INC  | FADD ACC LD ACC  | MOV R0 R0  | LOAD ua_loc_s.i LD
   Code: 20b202ab 
Addresse: 280 / 0118 
   Label:  
   INC  | FMUL ACC LD ACC  | MOV R0 R0  | LOAD ua_const_59 LD
   Code: 28b20041 
Addresse: 281 / 0119 
   Label:  
   INC  | FADD ACC LD ACC  | MOV R0 R0  | LOAD ua_loc_s.i LD
   Code: 20b202ab 
Addresse: 282 / 011A 
   Label:  
   INC  | FMUL ACC LD ACC  | MOV R0 R0  | LOAD ua_loc_r.i LD
   Code: 28b202ae 
Addresse: 283 / 011B 
   Label:  
   INC  | FMUL ACC LD ACC  | MOV R0 R0  | LOAD ua_loc_r.i LD
   Code: 28b202ae 
Addresse: 284 / 011C 
   Label:  
   INC  | FADD ACC LD ACC  | MOV R0 R0  | LOAD ua_loc_t.i LD
   Code: 20b202af 
Addresse: 285 / 011D 
   Label:  
   INC  | MOV ACC ACC  | MOV LD R0  | STOR ua_loc_r.i ACC
   Code: 23340aae 
Addresse: 286 / 011E 
   Label:  
   INC  | MOV ACC ACC  | MOV R0 R0  | LOAD ua_const_15 LD
   Code: 23320039 
Addresse: 287 / 011F 
   Label:  
   JFLE R0 LD  | MOV ACC ACC  | MOV R0 R0  | LOAD @if.end24.i LD
   Code: 363320124 
Addresse: 288 / 0120 
   Label:  
   INC  | MOV ACC ACC  | MOV R0 R0  | LOAD ua_loc_r.i LD
   Code: 233202ae 
Addresse: 289 / 0121 
   Label:  
   INC  | FNEG LD ACC  | MOV R0 R0  | LOAD ua_const_60 LD
   Code: 33b20042 
Addresse: 290 / 0122 
   Label:  
   INC  | FADD LD ACC ACC  | MOV R0 R0  | CLR 0x3FF
   Code: 22326bff 
Addresse: 291 / 0123 
   Label:  
   INC  | MOV ACC ACC  | MOV R0 R0  | STOR ua_loc_r.i ACC
   Code: 23320aae 
Addresse: 292 / 0124 
   Label: if.end24.i 
   INC  | MOV ACC ACC  | MOV R0 R0  | LOAD ua_loc_x.addr.i LD
   Code: 233202b0 
Addresse: 293 / 0125 
   Label:  
   INC  | MOV ACC ACC  | MOV LD R0  | LOAD ua_const_37 LD
   Code: 23340038 
Addresse: 294 / 0126 
   Label:  
   JFGE R0 LD  | MOV ACC ACC  | MOV R0 R0  | LOAD @UA_atan.exit LD
   Code: 3a332012a 
Addresse: 295 / 0127 
   Label:  
   INC  | MOV ACC ACC  | MOV R0 R0  | LOAD ua_loc_r.i LD
   Code: 233202ae 
Addresse: 296 / 0128 
   Label:  
   INC  | FNEG LD ACC  | MOV R0 R0  | CLR 0x3FF
   Code: 33b26bff 
Addresse: 297 / 0129 
   Label:  
   INC  | MOV ACC ACC  | MOV R0 R0  | STOR ua_loc_r.i ACC
   Code: 23320aae 
Addresse: 298 / 012A 
   Label: UA_atan.exit 
   INC  | MOV ACC ACC  | MOV R0 R0  | LOAD ua_const_61 LD
   Code: 23320043 
Addresse: 299 / 012B 
   Label:  
   INC  | MOV LD ACC  | MOV R0 R0  | LOAD ua_loc_r.i LD
   Code: 23b202ae 
Addresse: 300 / 012C 
   Label:  
   INC  | FSUB ACC LD ACC  | MOV R0 R0  | LOAD Current_signal LD
   Code: 30b202f8 
Addresse: 301 / 012D 
   Label:  
   INC  | MOV LD ACC  | MOV ACC R0  | LOAD Current_signal LD
   Code: 23b002f8 
Addresse: 302 / 012E 
   Label:  
   INC  | MOV ACC ACC  | MOV LD R0  | SOFF Phase ACC R0
   Code: 23343ac8 
Addresse: 303 / 012F 
   Label:  
   INC  | MOV ACC ACC  | MOV R0 R0  | LOAD ua_const_4 LD
   Code: 2332000e 
Addresse: 304 / 0130 
   Label:  
   JE R0 LD  | MOV ACC ACC  | MOV R0 R0  | LOAD @if.end179 LD
   Code: a33201bd 
Addresse: 305 / 0131 
   Label:  
   INC  | MOV ACC ACC  | MOV R0 R0  | LOFF Amplitude 1 LD
   Code: 233202cb 
Addresse: 306 / 0132 
   Label:  
   INC  | MOV ACC ACC  | MOV LD R0  | LOFF Amplitude 1 LD
   Code: 233402cb 
Addresse: 307 / 0133 
   Label:  
   INC  | FMUL R0 LD ACC  | MOV R0 R0  | LOFF Amplitude 0 LD
   Code: 29b202ca 
Addresse: 308 / 0134 
   Label:  
   INC  | MOV ACC ACC  | MOV LD R0  | STOR ua_tmp_221 ACC
   Code: 23340a9d 
Addresse: 309 / 0135 
   Label:  
   INC  | MOV ACC ACC  | MOV R0 R0  | LOFF Amplitude 0 LD
   Code: 233202ca 
Addresse: 310 / 0136 
   Label:  
   INC  | FMUL R0 LD ACC  | MOV R0 R0  | LOAD ua_const_6 LD
   Code: 29b20030 
Addresse: 311 / 0137 
   Label:  
   INC  | MOV ACC ACC  | AND ACC LD R0  | STOR ua_loc_in.addr.i233 ACC
   Code: 23110aaa 
Addresse: 312 / 0138 
   Label:  
   INC  | MOV ACC ACC  | MOV R0 R0  | LOAD ua_const_7 LD
   Code: 23320031 
Addresse: 313 / 0139 
   Label:  
   INC  | MOV ACC ACC  | OR R0 LD R0  | LOAD ua_const_8 LD
   Code: 23230032 
Addresse: 314 / 013A 
   Label:  
   INC  | FMUL LD R0 ACC  | MOV R0 R0  | LOAD ua_const_9 LD
   Code: 2a720033 
Addresse: 315 / 013B 
   Label:  
   INC  | FSUB LD ACC ACC  | MOV R0 R0  | LOAD ua_const_10 LD
   Code: 32320034 
Addresse: 316 / 013C 
   Label:  
   INC  | FMUL R0 ACC ACC  | MOV R0 R0  | STOR ua_loc_x.i235 ACC
   Code: 29320aa9 
Addresse: 317 / 013D 
   Label:  
   INC  | FSUB LD ACC ACC  | MOV R0 R0  | LOAD ua_loc_x.i235 LD
   Code: 323202a9 
Addresse: 318 / 013E 
   Label:  
   INC  | FMUL LD ACC ACC  | MOV R0 R0  | LOAD ua_const_10 LD
   Code: 2a320034 
Addresse: 319 / 013F 
   Label:  
   INC  | FMUL R0 ACC ACC  | MOV R0 R0  | STOR ua_loc_x.i235 ACC
   Code: 29320aa9 
Addresse: 320 / 0140 
   Label:  
   INC  | FSUB LD ACC ACC  | MOV R0 R0  | LOAD ua_loc_x.i235 LD
   Code: 323202a9 
Addresse: 321 / 0141 
   Label:  
   INC  | FMUL LD ACC ACC  | MOV R0 R0  | LOAD ua_const_10 LD
   Code: 2a320034 
Addresse: 322 / 0142 
   Label:  
   INC  | FMUL R0 ACC ACC  | MOV R0 R0  | STOR ua_loc_x.i235 ACC
   Code: 29320aa9 
Addresse: 323 / 0143 
   Label:  
   INC  | FSUB LD ACC ACC  | MOV R0 R0  | LOAD ua_loc_x.i235 LD
   Code: 323202a9 
Addresse: 324 / 0144 
   Label:  
   INC  | FMUL LD ACC ACC  | MOV R0 R0  | LOAD ua_const_6 LD
   Code: 2a320030 
Addresse: 325 / 0145 
   Label:  
   INC  | MOV ACC ACC  | AND ACC LD R0  | STOR ua_loc_x.i235 ACC
   Code: 23110aa9 
Addresse: 326 / 0146 
   Label:  
   INC  | MOV R0 ACC  | MOV R0 R0  | LOAD ua_loc_in.addr.i233 LD
   Code: 237202aa 
Addresse: 327 / 0147 
   Label:  
   INC  | MOV ACC ACC  | MOV LD R0  | LOAD ua_const_11 LD
   Code: 23340035 
Addresse: 328 / 0148 
   Label:  
   INC  | MOV ACC ACC  | XOR R0 LD R0  | LOAD ua_const_12 LD
   Code: 232b0036 
Addresse: 329 / 0149 
   Label:  
   INC  | MOV ACC ACC  | AND R0 LD R0  | LOAD ua_const_13 LD
   Code: 23130037 
Addresse: 330 / 014A 
   Label:  
   INC  | MOV ACC ACC  | OR ACC R0 R0  | CLR 0x3FF
   Code: 2320ebff 
Addresse: 331 / 014B 
   Label:  
   INC  | FMUL R0 LD ACC  | MOV R0 R0  | LOAD ua_tmp_221 LD
   Code: 29b2029d 
Addresse: 332 / 014C 
   Label:  
   INC  | FMUL LD ACC ACC  | MOV R0 R0  | LOAD ua_const_15 LD
   Code: 2a320039 
Addresse: 333 / 014D 
   Label:  
   INC  | FSUB ACC LD ACC  | MOV R0 R0  | LOAD ua_const_46 LD
   Code: 30b2002a 
Addresse: 334 / 014E 
   Label:  
   INC  | FMUL ACC LD ACC  | MOV R0 R0  | STOR ua_loc_number.addr.i ACC
   Code: 28b20aa8 
Addresse: 335 / 014F 
   Label:  
   INC  | MOV ACC ACC  | MOV R0 R0  | STOR ua_loc_x2.i ACC
   Code: 23320aa7 
Addresse: 336 / 0150 
   Label:  
   INC  | MOV ACC ACC  | MOV R0 R0  | LOAD ua_loc_number.addr.i LD
   Code: 233202a8 
Addresse: 337 / 0151 
   Label:  
   INC  | MOV ACC ACC  | SR LD 1 R0  | LOAD ua_const_47 LD
   Code: 230c002b 
Addresse: 338 / 0152 
   Label:  
   INC  | MOV R0 ACC  | AND R0 LD R0  | LOAD ua_const_48 LD
   Code: 2353002c 
Addresse: 339 / 0153 
   Label:  
   INC  | MOV ACC ACC  | AND ACC LD R0  | STOR ua_loc_i_lo.i R0
   Code: 23112aa6 
Addresse: 340 / 0154 
   Label:  
   INC  | MOV ACC ACC  | MOV R0 R0  | LOAD ua_const_49 LD
   Code: 2332002d 
Addresse: 341 / 0155 
   Label:  
   INC  | MOV LD ACC  | SR R0 8 R0  | LOAD ua_loc_i_lo.i LD
   Code: 238a82a6 
Addresse: 342 / 0156 
   Label:  
   INC  | SUB ACC LD ACC  | SR R0 8 R0  | LOAD ua_const_4 LD
   Code: 108a800e 
Addresse: 343 / 0157 
   Label:  
   INC  | MOV ACC ACC  | MOV ACC R0  | STOR ua_loc_i_hi.i R0
   Code: 23302aa5 
Addresse: 344 / 0158 
   Label:  
   INC  | MOV ACC ACC  | MOV R0 R0  | STOR ua_loc_i_lo.i ACC
   Code: 23320aa6 
Addresse: 345 / 0159 
   Label:  
   JL R0 LD  | MOV ACC ACC  | MOV R0 R0  | LOAD @if.then.i LD
   Code: e332015f 
Addresse: 346 / 015A 
   Label:  
   INC  | MOV ACC ACC  | MOV R0 R0  | LOAD ua_const_50 LD
   Code: 2332002e 
Addresse: 347 / 015B 
   Label:  
   INC  | MOV LD ACC  | MOV R0 R0  | LOAD ua_loc_i_hi.i LD
   Code: 23b202a5 
Addresse: 348 / 015C 
   Label:  
   INC  | SUB ACC LD ACC  | MOV R0 R0  | CLR 0x3FF
   Code: 10b26bff 
Addresse: 349 / 015D 
   Label:  
   INC  | MOV ACC ACC  | MOV R0 R0  | STOR ua_loc_i_hi.i ACC
   Code: 23320aa5 
Addresse: 350 / 015E 
   Label:  
   JMP  | MOV ACC ACC  | MOV R0 R0  | LOAD @UA_sqrt.exit LD
   Code: 63320167 
Addresse: 351 / 015F 
   Label: if.then.i 
   INC  | MOV ACC ACC  | MOV R0 R0  | LOAD ua_const_50 LD
   Code: 2332002e 
Addresse: 352 / 0160 
   Label:  
   INC  | MOV LD ACC  | MOV R0 R0  | LOAD ua_loc_i_hi.i LD
   Code: 23b202a5 
Addresse: 353 / 0161 
   Label:  
   INC  | SUB ACC LD ACC  | MOV R0 R0  | LOAD ua_loc_i_lo.i LD
   Code: 10b202a6 
Addresse: 354 / 0162 
   Label:  
   INC  | DEC ACC ACC  | MOV R0 R0  | CLR 0x3FF
   Code: 10f26bff 
Addresse: 355 / 0163 
   Label:  
   INC  | MOV LD ACC  | MOV R0 R0  | STOR ua_loc_i_hi.i ACC
   Code: 23b20aa5 
Addresse: 356 / 0164 
   Label:  
   INC  | MOV ACC ACC  | MOV R0 R0  | LOAD ua_const_47 LD
   Code: 2332002b 
Addresse: 357 / 0165 
   Label:  
   INC  | MOV ACC ACC  | AND ACC LD R0  | CLR 0x3FF
   Code: 23116bff 
Addresse: 358 / 0166 
   Label:  
   INC  | MOV ACC ACC  | MOV R0 R0  | STOR ua_loc_i_lo.i R0
   Code: 23322aa6 
Addresse: 359 / 0167 
   Label: UA_sqrt.exit 
   INC  | MOV ACC ACC  | MOV R0 R0  | LOAD ua_loc_i_hi.i LD
   Code: 233202a5 
Addresse: 360 / 0168 
   Label:  
   INC  | MOV ACC ACC  | SL LD 8 R0  | LOAD ua_loc_i_lo.i LD
   Code: 230482a6 
Addresse: 361 / 0169 
   Label:  
   INC  | MOV ACC ACC  | SL R0 8 R0  | CLR 0x3FF
   Code: 2302ebff 
Addresse: 362 / 016A 
   Label:  
   INC  | MOV ACC ACC  | OR R0 LD R0  | LOAD ua_loc_x2.i LD
   Code: 232302a7 
Addresse: 363 / 016B 
   Label:  
   INC  | FMUL LD R0 ACC  | MOV R0 R0  | STOR ua_loc_y.i R0
   Code: 2a722aa4 
Addresse: 364 / 016C 
   Label:  
   INC  | MOV ACC ACC  | MOV R0 R0  | LOAD ua_const_51 LD
   Code: 2332002f 
Addresse: 365 / 016D 
   Label:  
   INC  | FMUL ACC R0 ACC  | MOV R0 R0  | CLR 0x3FF
   Code: 28726bff 
Addresse: 366 / 016E 
   Label:  
   INC  | FSUB LD ACC ACC  | MOV R0 R0  | LOAD ua_loc_x2.i LD
   Code: 323202a7 
Addresse: 367 / 016F 
   Label:  
   INC  | FMUL R0 ACC ACC  | MOV R0 R0  | CLR 0x3FF
   Code: 29326bff 
Addresse: 368 / 0170 
   Label:  
   INC  | FMUL LD ACC ACC  | MOV R0 R0  | STOR ua_loc_y.i ACC
   Code: 2a320aa4 
Addresse: 369 / 0171 
   Label:  
   INC  | MOV ACC ACC  | MOV R0 R0  | LOAD ua_loc_y.i LD
   Code: 233202a4 
Addresse: 370 / 0172 
   Label:  
   INC  | FMUL ACC LD ACC  | MOV R0 R0  | LOAD ua_const_51 LD
   Code: 28b2002f 
Addresse: 371 / 0173 
   Label:  
   INC  | FSUB LD ACC ACC  | MOV R0 R0  | LOAD ua_loc_y.i LD
   Code: 323202a4 
Addresse: 372 / 0174 
   Label:  
   INC  | FMUL LD ACC ACC  | MOV R0 R0  | LOAD ua_loc_x2.i LD
   Code: 2a3202a7 
Addresse: 373 / 0175 
   Label:  
   INC  | FMUL LD ACC ACC  | MOV R0 R0  | STOR ua_loc_y.i ACC
   Code: 2a320aa4 
Addresse: 374 / 0176 
   Label:  
   INC  | MOV ACC ACC  | MOV R0 R0  | LOAD ua_loc_y.i LD
   Code: 233202a4 
Addresse: 375 / 0177 
   Label:  
   INC  | FMUL ACC LD ACC  | MOV R0 R0  | LOAD ua_const_51 LD
   Code: 28b2002f 
Addresse: 376 / 0178 
   Label:  
   INC  | FSUB LD ACC ACC  | MOV R0 R0  | LOAD ua_loc_y.i LD
   Code: 323202a4 
Addresse: 377 / 0179 
   Label:  
   INC  | FMUL LD ACC ACC  | MOV R0 R0  | LOAD ua_loc_number.addr.i LD
   Code: 2a3202a8 
Addresse: 378 / 017A 
   Label:  
   INC  | FMUL ACC LD ACC  | MOV R0 R0  | STOR ua_loc_y.i ACC
   Code: 28b20aa4 
Addresse: 379 / 017B 
   Label:  
   INC  | MOV ACC ACC  | MOV R0 R0  | LOAD f32OneOn_WR LD
   Code: 233202c7 
Addresse: 380 / 017C 
   Label:  
   INC  | FMUL LD ACC ACC  | MOV R0 R0  | LOAD f32OneOn_W2L LD
   Code: 2a3202c6 
Addresse: 381 / 017D 
   Label:  
   INC  | FADD ACC LD ACC  | MOV R0 R0  | LOAD C_OffsetAmp_pF LD
   Code: 20b202c5 
Addresse: 382 / 017E 
   Label:  
   INC  | FSUB ACC LD ACC  | MOV R0 R0  | LOAD C_GainAmp_pF LD
   Code: 30b202c4 
Addresse: 383 / 017F 
   Label:  
   INC  | FMUL LD ACC ACC  | MOV R0 R0  | LOAD Q2mRef LD
   Code: 2a3202cf 
Addresse: 384 / 0180 
   Label:  
   INC  | MOV LD ACC  | MOV R0 R0  | STOR f_Kapazitaet_A ACC
   Code: 23b20ac3 
Addresse: 385 / 0181 
   Label:  
   INC  | MOV ACC ACC  | MOV R0 R0  | LOAD Q1mSig LD
   Code: 233202cc 
Addresse: 386 / 0182 
   Label:  
   INC  | FMUL ACC LD ACC  | MOV R0 R0  | LOAD Q2mSig LD
   Code: 28b202cd 
Addresse: 387 / 0183 
   Label:  
   INC  | MOV LD ACC  | MOV ACC R0  | LOAD Q1mRef LD
   Code: 23b002ce 
Addresse: 388 / 0184 
   Label:  
   INC  | FMUL ACC LD ACC  | MOV R0 R0  | LOAD f32OneOn_WR LD
   Code: 28b202c7 
Addresse: 389 / 0185 
   Label:  
   INC  | FSUB R0 ACC ACC  | MOV R0 R0  | CLR 0x3FF
   Code: 31326bff 
Addresse: 390 / 0186 
   Label:  
   INC  | FMUL LD ACC ACC  | MOV R0 R0  | LOAD Q1mSig LD
   Code: 2a3202cc 
Addresse: 391 / 0187 
   Label:  
   INC  | MOV LD ACC  | MOV R0 R0  | STOR ua_tmp_287 ACC
   Code: 23b20a9c 
Addresse: 392 / 0188 
   Label:  
   INC  | MOV ACC ACC  | MOV R0 R0  | LOAD Q1mRef LD
   Code: 233202ce 
Addresse: 393 / 0189 
   Label:  
   INC  | FMUL ACC LD ACC  | MOV R0 R0  | LOAD Q2mSig LD
   Code: 28b202cd 
Addresse: 394 / 018A 
   Label:  
   INC  | MOV LD ACC  | MOV ACC R0  | LOAD Q2mRef LD
   Code: 23b002cf 
Addresse: 395 / 018B 
   Label:  
   INC  | FMUL ACC LD ACC  | MOV R0 R0  | LOAD ua_const_6 LD
   Code: 28b20030 
Addresse: 396 / 018C 
   Label:  
   INC  | FADD R0 ACC ACC  | MOV R0 R0  | CLR 0x3FF
   Code: 21326bff 
Addresse: 397 / 018D 
   Label:  
   INC  | MOV ACC ACC  | AND ACC LD R0  | STOR ua_loc_in.addr.i197 ACC
   Code: 23110aa3 
Addresse: 398 / 018E 
   Label:  
   INC  | MOV ACC ACC  | MOV R0 R0  | LOAD ua_const_7 LD
   Code: 23320031 
Addresse: 399 / 018F 
   Label:  
   INC  | MOV ACC ACC  | OR R0 LD R0  | LOAD ua_const_8 LD
   Code: 23230032 
Addresse: 400 / 0190 
   Label:  
   INC  | FMUL LD R0 ACC  | MOV R0 R0  | LOAD ua_const_9 LD
   Code: 2a720033 
Addresse: 401 / 0191 
   Label:  
   INC  | FSUB LD ACC ACC  | MOV R0 R0  | LOAD ua_const_10 LD
   Code: 32320034 
Addresse: 402 / 0192 
   Label:  
   INC  | FMUL R0 ACC ACC  | MOV R0 R0  | STOR ua_loc_x.i199 ACC
   Code: 29320aa2 
Addresse: 403 / 0193 
   Label:  
   INC  | FSUB LD ACC ACC  | MOV R0 R0  | LOAD ua_loc_x.i199 LD
   Code: 323202a2 
Addresse: 404 / 0194 
   Label:  
   INC  | FMUL LD ACC ACC  | MOV R0 R0  | LOAD ua_const_10 LD
   Code: 2a320034 
Addresse: 405 / 0195 
   Label:  
   INC  | FMUL R0 ACC ACC  | MOV R0 R0  | STOR ua_loc_x.i199 ACC
   Code: 29320aa2 
Addresse: 406 / 0196 
   Label:  
   INC  | FSUB LD ACC ACC  | MOV R0 R0  | LOAD ua_loc_x.i199 LD
   Code: 323202a2 
Addresse: 407 / 0197 
   Label:  
   INC  | FMUL LD ACC ACC  | MOV R0 R0  | LOAD ua_const_10 LD
   Code: 2a320034 
Addresse: 408 / 0198 
   Label:  
   INC  | FMUL R0 ACC ACC  | MOV R0 R0  | STOR ua_loc_x.i199 ACC
   Code: 29320aa2 
Addresse: 409 / 0199 
   Label:  
   INC  | FSUB LD ACC ACC  | MOV R0 R0  | LOAD ua_loc_x.i199 LD
   Code: 323202a2 
Addresse: 410 / 019A 
   Label:  
   INC  | FMUL LD ACC ACC  | MOV R0 R0  | LOAD ua_const_6 LD
   Code: 2a320030 
Addresse: 411 / 019B 
   Label:  
   INC  | MOV ACC ACC  | AND ACC LD R0  | STOR ua_loc_x.i199 ACC
   Code: 23110aa2 
Addresse: 412 / 019C 
   Label:  
   INC  | MOV R0 ACC  | MOV R0 R0  | LOAD ua_loc_in.addr.i197 LD
   Code: 237202a3 
Addresse: 413 / 019D 
   Label:  
   INC  | MOV ACC ACC  | MOV LD R0  | LOAD ua_const_11 LD
   Code: 23340035 
Addresse: 414 / 019E 
   Label:  
   INC  | MOV ACC ACC  | XOR R0 LD R0  | LOAD ua_const_12 LD
   Code: 232b0036 
Addresse: 415 / 019F 
   Label:  
   INC  | MOV ACC ACC  | AND R0 LD R0  | LOAD ua_const_13 LD
   Code: 23130037 
Addresse: 416 / 01A0 
   Label:  
   INC  | MOV ACC ACC  | OR ACC R0 R0  | CLR 0x3FF
   Code: 2320ebff 
Addresse: 417 / 01A1 
   Label:  
   INC  | FMUL R0 LD ACC  | MOV R0 R0  | LOAD ua_tmp_287 LD
   Code: 29b2029c 
Addresse: 418 / 01A2 
   Label:  
   INC  | FMUL LD ACC ACC  | MOV R0 R0  | LOAD f32OneOn_W2L LD
   Code: 2a3202c6 
Addresse: 419 / 01A3 
   Label:  
   INC  | FADD ACC LD ACC  | MOV R0 R0  | LOAD C_OffsetPhase_pF LD
   Code: 20b202c2 
Addresse: 420 / 01A4 
   Label:  
   INC  | FSUB ACC LD ACC  | MOV R0 R0  | LOAD C_GainPhase_pF LD
   Code: 30b202c1 
Addresse: 421 / 01A5 
   Label:  
   INC  | FMUL LD ACC ACC  | MOV R0 R0  | LOAD f_Kapazitaet_A LD
   Code: 2a3202c3 
Addresse: 422 / 01A6 
   Label:  
   INC  | MOV ACC ACC  | MOV R0 R0  | STOR f_Kapazitaet_P ACC
   Code: 23320ac0 
Addresse: 423 / 01A7 
   Label:  
   INC  | MOV ACC ACC  | MOV R0 R0  | STOR 0x404 LD
   Code: 23324c04 
Addresse: 424 / 01A8 
   Label:  
   INC  | MOV ACC ACC  | MOV R0 R0  | LOAD f_Kapazitaet_P LD
   Code: 233202c0 
Addresse: 425 / 01A9 
   Label:  
   INC  | MOV ACC ACC  | MOV R0 R0  | STOR 0x427 LD
   Code: 23324c27 
Addresse: 426 / 01AA 
   Label:  
   INC  | MOV ACC ACC  | MOV R0 R0  | LOAD s25_Switch_CP_CR LD
   Code: 233202bf 
Addresse: 427 / 01AB 
   Label:  
   INC  | MOV ACC ACC  | MOV LD R0  | LOAD ua_const_4 LD
   Code: 2334000e 
Addresse: 428 / 01AC 
   Label:  
   JE R0 LD  | MOV ACC ACC  | MOV R0 R0  | LOAD @if.then172 LD
   Code: a33201b6 
Addresse: 429 / 01AD 
   Label:  
   INC  | MOV ACC ACC  | MOV R0 R0  | LOAD ua_const_2 LD
   Code: 2332000c 
Addresse: 430 / 01AE 
   Label:  
   INC  | MOV ACC ACC  | MOV R0 R0  | STOR 0x40A LD
   Code: 23324c0a 
Addresse: 431 / 01AF 
   Label:  
   INC  | MOV ACC ACC  | MOV R0 R0  | CLR s25_Switch_CP_CR
   Code: 23326abf 
Addresse: 432 / 01B0 
   Label:  
   INC  | MOV ACC ACC  | MOV R0 R0  | LOAD Frequency_number LD
   Code: 233202be 
Addresse: 433 / 01B1 
   Label:  
   INC  | MOV ACC ACC  | SL LD 1 R0  | LOAD ua_const_0 LD
   Code: 2304000a 
Addresse: 434 / 01B2 
   Label:  
   INC  | MOV R0 ACC  | MOV R0 R0  | CLR 0x3FF
   Code: 23726bff 
Addresse: 435 / 01B3 
   Label:  
   INC  | MOV ACC ACC  | OR ACC LD R0  | CLR 0x3FF
   Code: 23216bff 
Addresse: 436 / 01B4 
   Label:  
   INC  | MOV ACC ACC  | MOV R0 R0  | STOR 0x428 R0
   Code: 23322c28 
Addresse: 437 / 01B5 
   Label:  
   JMP  | MOV ACC ACC  | MOV R0 R0  | LOAD @if.end179 LD
   Code: 633201bd 
Addresse: 438 / 01B6 
   Label: if.then172 
   INC  | MOV ACC ACC  | MOV R0 R0  | LOAD ua_const_2 LD
   Code: 2332000c 
Addresse: 439 / 01B7 
   Label:  
   INC  | MOV ACC ACC  | MOV R0 R0  | STOR 0x409 LD
   Code: 23324c09 
Addresse: 440 / 01B8 
   Label:  
   INC  | MOV ACC ACC  | MOV R0 R0  | LOAD ua_const_0 LD
   Code: 2332000a 
Addresse: 441 / 01B9 
   Label:  
   INC  | MOV ACC ACC  | MOV R0 R0  | STOR s25_Switch_CP_CR LD
   Code: 23324abf 
Addresse: 442 / 01BA 
   Label:  
   INC  | MOV ACC ACC  | MOV R0 R0  | LOAD Frequency_number LD
   Code: 233202be 
Addresse: 443 / 01BB 
   Label:  
   INC  | MOV ACC ACC  | SL LD 1 R0  | CLR 0x3FF
   Code: 23046bff 
Addresse: 444 / 01BC 
   Label:  
   INC  | MOV ACC ACC  | MOV R0 R0  | STOR 0x428 R0
   Code: 23322c28 
Addresse: 445 / 01BD 
   Label: if.end179 
   INC  | MOV ACC ACC  | MOV R0 R0  | LOAD Current_signal LD
   Code: 233202f8 
Addresse: 446 / 01BE 
   Label:  
   INC  | MOV LD ACC  | MOV R0 R0  | LOAD ua_const_0 LD
   Code: 23b2000a 
Addresse: 447 / 01BF 
   Label:  
   INC  | MOV ACC ACC  | XOR ACC LD R0  | CLR 0x3FF
   Code: 23296bff 
Addresse: 448 / 01C0 
   Label:  
   INC  | MOV ACC ACC  | MOV R0 R0  | STOR Current_signal R0
   Code: 23322af8 
Addresse: 449 / 01C1 
   Label: if.end195 
   JMP  | MOV ACC ACC  | MOV R0 R0  | LOAD @if.end196 LD
   Code: 6332024e 
Addresse: 450 / 01C2 
   Label: land.lhs.true 
   INC  | MOV ACC ACC  | MOV R0 R0  | LOAD Current_state LD
   Code: 233202fd 
Addresse: 451 / 01C3 
   Label:  
   INC  | MOV ACC ACC  | MOV LD R0  | LOAD ua_const_0 LD
   Code: 2334000a 
Addresse: 452 / 01C4 
   Label:  
   JE R0 LD  | MOV ACC ACC  | MOV R0 R0  | LOAD @if.then LD
   Code: a33201c6 
Addresse: 453 / 01C5 
   Label:  
   JMP  | MOV ACC ACC  | MOV R0 R0  | LOAD @if.else55 LD
   Code: 6332000e 
Addresse: 454 / 01C6 
   Label: if.then 
   INC  | MOV ACC ACC  | MOV R0 R0  | LOAD Current_signal LD
   Code: 233202f8 
Addresse: 455 / 01C7 
   Label:  
   INC  | MOV ACC ACC  | MOV LD R0  | LOAD ua_const_4 LD
   Code: 2334000e 
Addresse: 456 / 01C8 
   Label:  
   JE R0 LD  | MOV ACC ACC  | MOV R0 R0  | LOAD @if.then3 LD
   Code: a33201cc 
Addresse: 457 / 01C9 
   Label:  
   INC  | MOV ACC ACC  | MOV R0 R0  | LOAD ua_const_1 LD
   Code: 2332000b 
Addresse: 458 / 01CA 
   Label:  
   INC  | MOV ACC ACC  | MOV R0 R0  | STOR 0x40A LD
   Code: 23324c0a 
Addresse: 459 / 01CB 
   Label:  
   JMP  | MOV ACC ACC  | MOV R0 R0  | LOAD @if.end LD
   Code: 633201ce 
Addresse: 460 / 01CC 
   Label: if.then3 
   INC  | MOV ACC ACC  | MOV R0 R0  | LOAD ua_const_1 LD
   Code: 2332000b 
Addresse: 461 / 01CD 
   Label:  
   INC  | MOV ACC ACC  | MOV R0 R0  | STOR 0x409 LD
   Code: 23324c09 
Addresse: 462 / 01CE 
   Label: if.end 
   INC  | MOV ACC ACC  | MOV R0 R0  | LOAD Frequency_number LD
   Code: 233202be 
Addresse: 463 / 01CF 
   Label:  
   INC  | MOV LD ACC  | MOV R0 R0  | LOAD ua_const_5 LD
   Code: 23b20044 
Addresse: 464 / 01D0 
   Label:  
   INC  | ADD ACC LD ACC  | MOV R0 R0  | LOAD ua_const_6 LD
   Code: b20030 
Addresse: 465 / 01D1 
   Label:  
   INC  | P2F ACC  ACC  | MOV R0 R0  | CLR 0x3FF
   Code: 3cf26bff 
Addresse: 466 / 01D2 
   Label:  
   INC  | MOV ACC ACC  | AND ACC LD R0  | STOR ua_loc_in.addr.i ACC
   Code: 23110aa1 
Addresse: 467 / 01D3 
   Label:  
   INC  | MOV ACC ACC  | MOV R0 R0  | LOAD ua_const_7 LD
   Code: 23320031 
Addresse: 468 / 01D4 
   Label:  
   INC  | MOV ACC ACC  | OR R0 LD R0  | LOAD ua_const_8 LD
   Code: 23230032 
Addresse: 469 / 01D5 
   Label:  
   INC  | FMUL LD R0 ACC  | MOV R0 R0  | LOAD ua_const_9 LD
   Code: 2a720033 
Addresse: 470 / 01D6 
   Label:  
   INC  | FSUB LD ACC ACC  | MOV R0 R0  | LOAD ua_const_10 LD
   Code: 32320034 
Addresse: 471 / 01D7 
   Label:  
   INC  | FMUL R0 ACC ACC  | MOV R0 R0  | STOR ua_loc_x.i ACC
   Code: 29320aa0 
Addresse: 472 / 01D8 
   Label:  
   INC  | FSUB LD ACC ACC  | MOV R0 R0  | LOAD ua_loc_x.i LD
   Code: 323202a0 
Addresse: 473 / 01D9 
   Label:  
   INC  | FMUL LD ACC ACC  | MOV R0 R0  | LOAD ua_const_10 LD
   Code: 2a320034 
Addresse: 474 / 01DA 
   Label:  
   INC  | FMUL R0 ACC ACC  | MOV R0 R0  | STOR ua_loc_x.i ACC
   Code: 29320aa0 
Addresse: 475 / 01DB 
   Label:  
   INC  | FSUB LD ACC ACC  | MOV R0 R0  | LOAD ua_loc_x.i LD
   Code: 323202a0 
Addresse: 476 / 01DC 
   Label:  
   INC  | FMUL LD ACC ACC  | MOV R0 R0  | LOAD ua_const_10 LD
   Code: 2a320034 
Addresse: 477 / 01DD 
   Label:  
   INC  | FMUL R0 ACC ACC  | MOV R0 R0  | STOR ua_loc_x.i ACC
   Code: 29320aa0 
Addresse: 478 / 01DE 
   Label:  
   INC  | FSUB LD ACC ACC  | MOV R0 R0  | LOAD ua_loc_x.i LD
   Code: 323202a0 
Addresse: 479 / 01DF 
   Label:  
   INC  | FMUL LD ACC ACC  | MOV R0 R0  | LOAD ua_const_6 LD
   Code: 2a320030 
Addresse: 480 / 01E0 
   Label:  
   INC  | MOV ACC ACC  | AND ACC LD R0  | STOR ua_loc_x.i ACC
   Code: 23110aa0 
Addresse: 481 / 01E1 
   Label:  
   INC  | MOV R0 ACC  | MOV R0 R0  | LOAD ua_loc_in.addr.i LD
   Code: 237202a1 
Addresse: 482 / 01E2 
   Label:  
   INC  | MOV ACC ACC  | MOV LD R0  | LOAD ua_const_11 LD
   Code: 23340035 
Addresse: 483 / 01E3 
   Label:  
   INC  | MOV ACC ACC  | XOR R0 LD R0  | LOAD ua_const_12 LD
   Code: 232b0036 
Addresse: 484 / 01E4 
   Label:  
   INC  | MOV ACC ACC  | AND R0 LD R0  | LOAD ua_const_13 LD
   Code: 23130037 
Addresse: 485 / 01E5 
   Label:  
   INC  | MOV ACC ACC  | OR ACC R0 R0  | CLR 0x3FF
   Code: 2320ebff 
Addresse: 486 / 01E6 
   Label:  
   INC  | FMUL R0 LD ACC  | MOV R0 R0  | LOAD ua_const_14 LD
   Code: 29b20045 
Addresse: 487 / 01E7 
   Label:  
   INC  | FMUL LD ACC ACC  | MOV R0 R0  | LOAD s25EnableUnderSampling LD
   Code: 2a3202bd 
Addresse: 488 / 01E8 
   Label:  
   INC  | P2F LD  ACC  | MOV ACC R0  | LOAD ua_const_15 LD
   Code: 3ef00039 
Addresse: 489 / 01E9 
   Label:  
   INC  | FMUL LD ACC ACC  | MOV R0 R0  | LOAD ua_const_16 LD
   Code: 2a320016 
Addresse: 490 / 01EA 
   Label:  
   INC  | FADD ACC LD ACC  | MOV R0 R0  | LOAD ua_const_17 LD
   Code: 20b20046 
Addresse: 491 / 01EB 
   Label:  
   INC  | FMUL R0 ACC ACC  | MOV R0 R0  | CLR 0x3FF
   Code: 29326bff 
Addresse: 492 / 01EC 
   Label:  
   INC  | MOV ACC ACC  | MOV ACC R0  | STOR f32DDS_Frequency ACC
   Code: 23300abc 
Addresse: 493 / 01ED 
   Label:  
   JFG R0 LD  | MOV ACC ACC  | MOV R0 R0  | LOAD @if.end11 LD
   Code: 3233201f0 
Addresse: 494 / 01EE 
   Label:  
   INC  | MOV ACC ACC  | MOV R0 R0  | LOAD ua_const_18 LD
   Code: 23320047 
Addresse: 495 / 01EF 
   Label:  
   INC  | MOV ACC ACC  | MOV R0 R0  | STOR s25DAC_CONF_MODE LD
   Code: 23324abb 
Addresse: 496 / 01F0 
   Label: if.end11 
   INC  | MOV ACC ACC  | MOV R0 R0  | LOAD f32DDS_Frequency LD
   Code: 233202bc 
Addresse: 497 / 01F1 
   Label:  
   INC  | MOV ACC ACC  | MOV LD R0  | LOAD ua_const_19 LD
   Code: 23340048 
Addresse: 498 / 01F2 
   Label:  
   JFG R0 LD  | MOV ACC ACC  | MOV R0 R0  | LOAD @if.end15 LD
   Code: 3233201f5 
Addresse: 499 / 01F3 
   Label:  
   INC  | MOV ACC ACC  | MOV R0 R0  | LOAD ua_const_20 LD
   Code: 23320049 
Addresse: 500 / 01F4 
   Label:  
   INC  | MOV ACC ACC  | MOV R0 R0  | STOR s25DAC_CONF_MODE LD
   Code: 23324abb 
Addresse: 501 / 01F5 
   Label: if.end15 
   INC  | MOV ACC ACC  | MOV R0 R0  | LOAD f32DDS_Frequency LD
   Code: 233202bc 
Addresse: 502 / 01F6 
   Label:  
   INC  | MOV ACC ACC  | MOV LD R0  | LOAD ua_const_21 LD
   Code: 2334004a 
Addresse: 503 / 01F7 
   Label:  
   JFG R0 LD  | MOV ACC ACC  | MOV R0 R0  | LOAD @if.end19 LD
   Code: 3233201fa 
Addresse: 504 / 01F8 
   Label:  
   INC  | MOV ACC ACC  | MOV R0 R0  | LOAD ua_const_22 LD
   Code: 2332004b 
Addresse: 505 / 01F9 
   Label:  
   INC  | MOV ACC ACC  | MOV R0 R0  | STOR s25DAC_CONF_MODE LD
   Code: 23324abb 
Addresse: 506 / 01FA 
   Label: if.end19 
   INC  | MOV ACC ACC  | MOV R0 R0  | LOAD f32DDS_Frequency LD
   Code: 233202bc 
Addresse: 507 / 01FB 
   Label:  
   INC  | MOV ACC ACC  | MOV LD R0  | LOAD ua_const_23 LD
   Code: 2334004c 
Addresse: 508 / 01FC 
   Label:  
   JFG R0 LD  | MOV ACC ACC  | MOV R0 R0  | LOAD @if.end23 LD
   Code: 3233201ff 
Addresse: 509 / 01FD 
   Label:  
   INC  | MOV ACC ACC  | MOV R0 R0  | LOAD ua_const_24 LD
   Code: 23320027 
Addresse: 510 / 01FE 
   Label:  
   INC  | MOV ACC ACC  | MOV R0 R0  | STOR s25DAC_CONF_MODE LD
   Code: 23324abb 
Addresse: 511 / 01FF 
   Label: if.end23 
   INC  | MOV ACC ACC  | MOV R0 R0  | LOAD f32DDS_Frequency LD
   Code: 233202bc 
Addresse: 512 / 0200 
   Label:  
   INC  | MOV ACC ACC  | MOV LD R0  | LOAD ua_const_25 LD
   Code: 2334004d 
Addresse: 513 / 0201 
   Label:  
   JFG R0 LD  | MOV ACC ACC  | MOV R0 R0  | LOAD @if.end27 LD
   Code: 323320204 
Addresse: 514 / 0202 
   Label:  
   INC  | MOV ACC ACC  | MOV R0 R0  | LOAD ua_const_26 LD
   Code: 2332004e 
Addresse: 515 / 0203 
   Label:  
   INC  | MOV ACC ACC  | MOV R0 R0  | STOR s25DAC_CONF_MODE LD
   Code: 23324abb 
Addresse: 516 / 0204 
   Label: if.end27 
   INC  | MOV ACC ACC  | MOV R0 R0  | LOAD f32DDS_Frequency LD
   Code: 233202bc 
Addresse: 517 / 0205 
   Label:  
   INC  | MOV ACC ACC  | MOV LD R0  | LOAD ua_const_27 LD
   Code: 2334004f 
Addresse: 518 / 0206 
   Label:  
   JFG R0 LD  | MOV ACC ACC  | MOV R0 R0  | LOAD @if.end31 LD
   Code: 323320209 
Addresse: 519 / 0207 
   Label:  
   INC  | MOV ACC ACC  | MOV R0 R0  | LOAD ua_const_28 LD
   Code: 23320010 
Addresse: 520 / 0208 
   Label:  
   INC  | MOV ACC ACC  | MOV R0 R0  | STOR s25DAC_CONF_MODE LD
   Code: 23324abb 
Addresse: 521 / 0209 
   Label: if.end31 
   INC  | MOV ACC ACC  | MOV R0 R0  | LOAD f32DDS_Frequency LD
   Code: 233202bc 
Addresse: 522 / 020A 
   Label:  
   INC  | MOV ACC ACC  | MOV LD R0  | LOAD ua_const_29 LD
   Code: 23340050 
Addresse: 523 / 020B 
   Label:  
   JFG R0 LD  | MOV ACC ACC  | MOV R0 R0  | LOAD @if.end35 LD
   Code: 32332020e 
Addresse: 524 / 020C 
   Label:  
   INC  | MOV ACC ACC  | MOV R0 R0  | LOAD ua_const_0 LD
   Code: 2332000a 
Addresse: 525 / 020D 
   Label:  
   INC  | MOV ACC ACC  | MOV R0 R0  | STOR s25DAC_CONF_MODE LD
   Code: 23324abb 
Addresse: 526 / 020E 
   Label: if.end35 
   INC  | MOV ACC ACC  | MOV R0 R0  | LOAD f32DDS_Frequency LD
   Code: 233202bc 
Addresse: 527 / 020F 
   Label:  
   INC  | MOV ACC ACC  | MOV LD R0  | LOAD ua_const_30 LD
   Code: 23340051 
Addresse: 528 / 0210 
   Label:  
   JFG R0 LD  | MOV ACC ACC  | MOV R0 R0  | LOAD @if.end39 LD
   Code: 323320212 
Addresse: 529 / 0211 
   Label:  
   INC  | MOV ACC ACC  | MOV R0 R0  | CLR s25DAC_CONF_MODE
   Code: 23326abb 
Addresse: 530 / 0212 
   Label: if.end39 
   INC  | MOV ACC ACC  | MOV R0 R0  | LOAD s25DAC_CONF_MODE LD
   Code: 233202bb 
Addresse: 531 / 0213 
   Label:  
   INC  | MOV LD ACC  | MOV R0 R0  | LOAD ua_const_3 LD
   Code: 23b2000d 
Addresse: 532 / 0214 
   Label:  
   INC  | MOV ACC ACC  | OR ACC LD R0  | LOAD ua_const_31 LD
   Code: 23210011 
Addresse: 533 / 0215 
   Label:  
   INC  | MOV ACC ACC  | OR R0 LD R0  | LOAD ua_const_32 LD
   Code: 23230052 
Addresse: 534 / 0216 
   Label:  
   INC  | MOV ACC ACC  | OR R0 LD R0  | CLR 0x3FF
   Code: 23236bff 
Addresse: 535 / 0217 
   Label:  
   INC  | MOV ACC ACC  | MOV R0 R0  | STOR 0x411 R0
   Code: 23322c11 
Addresse: 536 / 0218 
   Label:  
   INC  | MOV ACC ACC  | MOV R0 R0  | LOAD ua_const_33 LD
   Code: 23320014 
Addresse: 537 / 0219 
   Label:  
   INC  | MOV ACC ACC  | MOV R0 R0  | STOR 0x42B LD
   Code: 23324c2b 
Addresse: 538 / 021A 
   Label:  
   INC  | MOV ACC ACC  | MOV R0 R0  | LOAD ua_const_34 LD
   Code: 23320053 
Addresse: 539 / 021B 
   Label:  
   INC  | MOV LD ACC  | MOV R0 R0  | LOAD f32DDS_Frequency LD
   Code: 23b202bc 
Addresse: 540 / 021C 
   Label:  
   INC  | FMUL ACC LD ACC  | MOV R0 R0  | LOAD ua_const_35 LD
   Code: 28b20054 
Addresse: 541 / 021D 
   Label:  
   INC  | FMUL ACC LD ACC  | MOV R0 R0  | LOAD ua_const_6 LD
   Code: 28b20030 
Addresse: 542 / 021E 
   Label:  
   INC  | MOV ACC ACC  | AND ACC LD R0  | STOR ua_loc_in.addr.i340 ACC
   Code: 23110a9f 
Addresse: 543 / 021F 
   Label:  
   INC  | MOV ACC ACC  | MOV R0 R0  | LOAD ua_const_7 LD
   Code: 23320031 
Addresse: 544 / 0220 
   Label:  
   INC  | MOV ACC ACC  | OR R0 LD R0  | LOAD ua_const_8 LD
   Code: 23230032 
Addresse: 545 / 0221 
   Label:  
   INC  | FMUL LD R0 ACC  | MOV R0 R0  | LOAD ua_const_9 LD
   Code: 2a720033 
Addresse: 546 / 0222 
   Label:  
   INC  | FSUB LD ACC ACC  | MOV R0 R0  | LOAD ua_const_10 LD
   Code: 32320034 
Addresse: 547 / 0223 
   Label:  
   INC  | FMUL R0 ACC ACC  | MOV R0 R0  | STOR ua_loc_x.i342 ACC
   Code: 29320a9e 
Addresse: 548 / 0224 
   Label:  
   INC  | FSUB LD ACC ACC  | MOV R0 R0  | LOAD ua_loc_x.i342 LD
   Code: 3232029e 
Addresse: 549 / 0225 
   Label:  
   INC  | FMUL LD ACC ACC  | MOV R0 R0  | LOAD ua_const_10 LD
   Code: 2a320034 
Addresse: 550 / 0226 
   Label:  
   INC  | FMUL R0 ACC ACC  | MOV R0 R0  | STOR ua_loc_x.i342 ACC
   Code: 29320a9e 
Addresse: 551 / 0227 
   Label:  
   INC  | FSUB LD ACC ACC  | MOV R0 R0  | LOAD ua_loc_x.i342 LD
   Code: 3232029e 
Addresse: 552 / 0228 
   Label:  
   INC  | FMUL LD ACC ACC  | MOV R0 R0  | LOAD ua_const_10 LD
   Code: 2a320034 
Addresse: 553 / 0229 
   Label:  
   INC  | FMUL R0 ACC ACC  | MOV R0 R0  | STOR ua_loc_x.i342 ACC
   Code: 29320a9e 
Addresse: 554 / 022A 
   Label:  
   INC  | FSUB LD ACC ACC  | MOV R0 R0  | LOAD ua_loc_x.i342 LD
   Code: 3232029e 
Addresse: 555 / 022B 
   Label:  
   INC  | FMUL LD ACC ACC  | MOV R0 R0  | LOAD ua_const_6 LD
   Code: 2a320030 
Addresse: 556 / 022C 
   Label:  
   INC  | MOV ACC ACC  | AND ACC LD R0  | STOR ua_loc_x.i342 ACC
   Code: 23110a9e 
Addresse: 557 / 022D 
   Label:  
   INC  | MOV R0 ACC  | MOV R0 R0  | LOAD ua_loc_in.addr.i340 LD
   Code: 2372029f 
Addresse: 558 / 022E 
   Label:  
   INC  | MOV ACC ACC  | MOV LD R0  | LOAD ua_const_11 LD
   Code: 23340035 
Addresse: 559 / 022F 
   Label:  
   INC  | MOV ACC ACC  | XOR R0 LD R0  | LOAD ua_const_12 LD
   Code: 232b0036 
Addresse: 560 / 0230 
   Label:  
   INC  | MOV ACC ACC  | AND R0 LD R0  | LOAD ua_const_13 LD
   Code: 23130037 
Addresse: 561 / 0231 
   Label:  
   INC  | MOV ACC ACC  | OR ACC R0 R0  | CLR 0x3FF
   Code: 2320ebff 
Addresse: 562 / 0232 
   Label:  
   INC  | FMUL R0 LD ACC  | MOV R0 R0  | LOAD ua_const_36 LD
   Code: 29b20055 
Addresse: 563 / 0233 
   Label:  
   INC  | FMUL LD ACC ACC  | MOV R0 R0  | CLR 0x3FF
   Code: 2a326bff 
Addresse: 564 / 0234 
   Label:  
   INC  | MOV ACC ACC  | MOV R0 R0  | STOR f32OneOn_WR ACC
   Code: 23320ac7 
Addresse: 565 / 0235 
   Label:  
   INC  | MOV ACC ACC  | MOV R0 R0  | CLR f32OneOn_W2L
   Code: 23326ac6 
Addresse: 566 / 0236 
   Label:  
   INC  | MOV ACC ACC  | MOV R0 R0  | LOAD f32DDS_Frequency LD
   Code: 233202bc 
Addresse: 567 / 0237 
   Label:  
   INC  | MOV LD ACC  | MOV R0 R0  | LOAD ua_const_38 LD
   Code: 23b20056 
Addresse: 568 / 0238 
   Label:  
   INC  | FMUL ACC LD ACC  | MOV R0 R0  | CLR 0x3FF
   Code: 28b26bff 
Addresse: 569 / 0239 
   Label:  
   INC  | F2P ACC  ACC  | MOV R0 R0  | CLR 0x3FF
   Code: 2cf26bff 
Addresse: 570 / 023A 
   Label:  
   INC  | MOV ACC ACC  | MOV R0 R0  | STOR s25DDSInkr ACC
   Code: 23320aba 
Addresse: 571 / 023B 
   Label:  
   INC  | MOV ACC ACC  | MOV R0 R0  | STOR 0x421 ACC
   Code: 23320c21 
Addresse: 572 / 023C 
   Label:  
   INC  | MOV ACC ACC  | MOV R0 R0  | LOAD ua_const_39 LD
   Code: 23320057 
Addresse: 573 / 023D 
   Label:  
   INC  | MOV ACC ACC  | MOV R0 R0  | STOR 0x426 LD
   Code: 23324c26 
Addresse: 574 / 023E 
   Label:  
   INC  | MOV ACC ACC  | MOV R0 R0  | LOAD Frequency_number LD
   Code: 233202be 
Addresse: 575 / 023F 
   Label:  
   INC  | MOV ACC ACC  | MOV R0 R0  | STOR Current_ADC_divider LD
   Code: 23324ab9 
Addresse: 576 / 0240 
   Label:  
   INC  | MOV ACC ACC  | MOV R0 R0  | LOAD 0x3D1 LD
   Code: 233203d1 
Addresse: 577 / 0241 
   Label:  
   INC  | DEC LD ACC  | MOV R0 R0  | LOAD Current_ADC_divider LD
   Code: 12f202b9 
Addresse: 578 / 0242 
   Label:  
   INC  | MOV ACC ACC  | MOV R0 R0  | STOR Last_ADC_Pointer ACC
   Code: 23320af9 
Addresse: 579 / 0243 
   Label:  
   INC  | MOV ACC ACC  | MOV R0 R0  | STOR 0x420 LD
   Code: 23324c20 
Addresse: 580 / 0244 
   Label:  
   INC  | MOV ACC ACC  | MOV R0 R0  | LOAD ua_const_0 LD
   Code: 2332000a 
Addresse: 581 / 0245 
   Label:  
   INC  | MOV ACC ACC  | MOV R0 R0  | STOR 0x429 LD
   Code: 23324c29 
Addresse: 582 / 0246 
   Label:  
   INC  | MOV ACC ACC  | MOV R0 R0  | LOAD Cycle_Number LD
   Code: 233202ff 
Addresse: 583 / 0247 
   Label:  
   INC  | INC LD ACC  | MOV R0 R0  | LOAD Current_ADC_divider LD
   Code: 2f202b9 
Addresse: 584 / 0248 
   Label:  
   INC  | P2F LD  ACC  | MOV R0 R0  | STOR Cycle_Number ACC
   Code: 3ef20aff 
Addresse: 585 / 0249 
   Label:  
   INC  | MOV ACC ACC  | MOV R0 R0  | LOAD ua_const_40 LD
   Code: 23320058 
Addresse: 586 / 024A 
   Label:  
   INC  | FADD ACC LD ACC  | MOV R0 R0  | LOAD ua_const_41 LD
   Code: 20b20059 
Addresse: 587 / 024B 
   Label:  
   INC  | FADD ACC LD ACC  | MOV R0 R0  | CLR 0x3FF
   Code: 20b26bff 
Addresse: 588 / 024C 
   Label:  
   INC  | F2P ACC  ACC  | MOV R0 R0  | CLR 0x3FF
   Code: 2cf26bff 
Addresse: 589 / 024D 
   Label:  
   INC  | MOV ACC ACC  | MOV R0 R0  | STOR MAX_UA_Cycle ACC
   Code: 23320afe 
Addresse: 590 / 024E 
   Label: if.end196 
   INC  | MOV ACC ACC  | MOV R0 R0  | LOAD ua_const_63 LD
   Code: 2332005a 
Addresse: 591 / 024F 
   Label:  
   INC  | MOV ACC ACC  | MOV R0 R0  | STOR 0x40B LD
   Code: 23324c0b 
Addresse: 592 / 0250 
   Label:  
   INC  | MOV ACC ACC  | MOV R0 R0  | CLR 0x405
   Code: 23326c05 
Addresse: 593 / 0251 
   Label:  
   JMP  | MOV ACC ACC  | MOV R0 R0  | LOAD @while.body LD
   Code: 6332000b 
